2025-10-15T09:31:44.639435+00:00 aleix lvm[302]:   1 logical volume(s) in volume group "ubuntu-vg" monitored
2025-10-15T09:31:44.639580+00:00 aleix systemd-modules-load[319]: Inserted module 'msr'
2025-10-15T09:31:44.639586+00:00 aleix systemd-modules-load[319]: Inserted module 'dm_multipath'
2025-10-15T09:31:44.639588+00:00 aleix systemd[1]: Mounted dev-hugepages.mount - Huge Pages File System.
2025-10-15T09:31:44.639590+00:00 aleix systemd[1]: Mounted dev-mqueue.mount - POSIX Message Queue File System.
2025-10-15T09:31:44.639592+00:00 aleix systemd[1]: Mounted sys-kernel-debug.mount - Kernel Debug File System.
2025-10-15T09:31:44.639594+00:00 aleix systemd[1]: Mounted sys-kernel-tracing.mount - Kernel Trace File System.
2025-10-15T09:31:44.639595+00:00 aleix systemd[1]: Finished keyboard-setup.service - Set the console keyboard layout.
2025-10-15T09:31:44.639673+00:00 aleix systemd[1]: Finished kmod-static-nodes.service - Create List of Static Device Nodes.
2025-10-15T09:31:44.639678+00:00 aleix systemd[1]: Finished lvm2-monitor.service - Monitoring of LVM2 mirrors, snapshots etc. using dmeventd or progress polling.
2025-10-15T09:31:44.639680+00:00 aleix systemd[1]: modprobe@configfs.service: Deactivated successfully.
2025-10-15T09:31:44.639682+00:00 aleix systemd[1]: Finished modprobe@configfs.service - Load Kernel Module configfs.
2025-10-15T09:31:44.639683+00:00 aleix systemd[1]: modprobe@dm_mod.service: Deactivated successfully.
2025-10-15T09:31:44.639685+00:00 aleix systemd[1]: Finished modprobe@dm_mod.service - Load Kernel Module dm_mod.
2025-10-15T09:31:44.639689+00:00 aleix systemd[1]: modprobe@drm.service: Deactivated successfully.
2025-10-15T09:31:44.639701+00:00 aleix systemd[1]: Finished modprobe@drm.service - Load Kernel Module drm.
2025-10-15T09:31:44.639703+00:00 aleix systemd[1]: modprobe@efi_pstore.service: Deactivated successfully.
2025-10-15T09:31:44.639704+00:00 aleix systemd[1]: Finished modprobe@efi_pstore.service - Load Kernel Module efi_pstore.
2025-10-15T09:31:44.639706+00:00 aleix systemd[1]: modprobe@fuse.service: Deactivated successfully.
2025-10-15T09:31:44.639708+00:00 aleix systemd[1]: Finished modprobe@fuse.service - Load Kernel Module fuse.
2025-10-15T09:31:44.639712+00:00 aleix systemd[1]: modprobe@loop.service: Deactivated successfully.
2025-10-15T09:31:44.639714+00:00 aleix systemd[1]: Finished modprobe@loop.service - Load Kernel Module loop.
2025-10-15T09:31:44.639715+00:00 aleix systemd[1]: Finished systemd-modules-load.service - Load Kernel Modules.
2025-10-15T09:31:44.639716+00:00 aleix systemd[1]: Finished systemd-remount-fs.service - Remount Root and Kernel File Systems.
2025-10-15T09:31:44.639718+00:00 aleix systemd[1]: Activating swap swap.img.swap - /swap.img...
2025-10-15T09:31:44.639720+00:00 aleix systemd[1]: Mounting sys-fs-fuse-connections.mount - FUSE Control File System...
2025-10-15T09:31:44.639722+00:00 aleix systemd[1]: Mounting sys-kernel-config.mount - Kernel Configuration File System...
2025-10-15T09:31:44.639724+00:00 aleix systemd[1]: Starting multipathd.service - Device-Mapper Multipath Device Controller...
2025-10-15T09:31:44.639726+00:00 aleix systemd[1]: systemd-hwdb-update.service - Rebuild Hardware Database was skipped because no trigger condition checks were met.
2025-10-15T09:31:44.639728+00:00 aleix systemd[1]: Starting systemd-journal-flush.service - Flush Journal to Persistent Storage...
2025-10-15T09:31:44.639729+00:00 aleix systemd[1]: systemd-pstore.service - Platform Persistent Storage Archival was skipped because of an unmet condition check (ConditionDirectoryNotEmpty=/sys/fs/pstore).
2025-10-15T09:31:44.639731+00:00 aleix systemd[1]: Starting systemd-random-seed.service - Load/Save OS Random Seed...
2025-10-15T09:31:44.639735+00:00 aleix systemd[1]: systemd-repart.service - Repartition Root Disk was skipped because no trigger condition checks were met.
2025-10-15T09:31:44.639736+00:00 aleix systemd[1]: Starting systemd-sysctl.service - Apply Kernel Variables...
2025-10-15T09:31:44.639738+00:00 aleix systemd[1]: Starting systemd-tmpfiles-setup-dev-early.service - Create Static Device Nodes in /dev gracefully...
2025-10-15T09:31:44.639740+00:00 aleix systemd[1]: systemd-tpm2-setup.service - TPM2 SRK Setup was skipped because of an unmet condition check (ConditionSecurity=measured-uki).
2025-10-15T09:31:44.639741+00:00 aleix systemd[1]: Activated swap swap.img.swap - /swap.img.
2025-10-15T09:31:44.639743+00:00 aleix systemd[1]: Finished systemd-udev-trigger.service - Coldplug All udev Devices.
2025-10-15T09:31:44.639745+00:00 aleix systemd[1]: Mounted sys-fs-fuse-connections.mount - FUSE Control File System.
2025-10-15T09:31:44.639747+00:00 aleix systemd[1]: Mounted sys-kernel-config.mount - Kernel Configuration File System.
2025-10-15T09:31:44.639749+00:00 aleix systemd[1]: Finished systemd-journal-flush.service - Flush Journal to Persistent Storage.
2025-10-15T09:31:44.639750+00:00 aleix systemd[1]: Finished systemd-random-seed.service - Load/Save OS Random Seed.
2025-10-15T09:31:44.639752+00:00 aleix systemd[1]: Finished systemd-sysctl.service - Apply Kernel Variables.
2025-10-15T09:31:44.639753+00:00 aleix systemd[1]: Reached target swap.target - Swaps.
2025-10-15T09:31:44.639756+00:00 aleix systemd[1]: Finished systemd-tmpfiles-setup-dev-early.service - Create Static Device Nodes in /dev gracefully.
2025-10-15T09:31:44.639758+00:00 aleix multipathd[351]: multipathd v0.9.4: start up
2025-10-15T09:31:44.639760+00:00 aleix systemd[1]: Starting systemd-sysusers.service - Create System Users...
2025-10-15T09:31:44.639761+00:00 aleix multipathd[351]: reconfigure: setting up paths and maps
2025-10-15T09:31:44.639763+00:00 aleix systemd[1]: Started multipathd.service - Device-Mapper Multipath Device Controller.
2025-10-15T09:31:44.639765+00:00 aleix systemd[1]: Finished systemd-sysusers.service - Create System Users.
2025-10-15T09:31:44.639767+00:00 aleix systemd[1]: Starting systemd-tmpfiles-setup-dev.service - Create Static Device Nodes in /dev...
2025-10-15T09:31:44.639769+00:00 aleix systemd[1]: Finished systemd-tmpfiles-setup-dev.service - Create Static Device Nodes in /dev.
2025-10-15T09:31:44.639770+00:00 aleix systemd[1]: Reached target local-fs-pre.target - Preparation for Local File Systems.
2025-10-15T09:31:44.639772+00:00 aleix systemd[1]: Starting systemd-udevd.service - Rule-based Manager for Device Events and Files...
2025-10-15T09:31:44.639773+00:00 aleix systemd-udevd[377]: Using default interface naming scheme 'v255'.
2025-10-15T09:31:44.639776+00:00 aleix systemd[1]: Started systemd-udevd.service - Rule-based Manager for Device Events and Files.
2025-10-15T09:31:44.639778+00:00 aleix systemd[1]: plymouth-start.service - Show Plymouth Boot Screen was skipped because of an unmet condition check (ConditionKernelCommandLine=splash).
2025-10-15T09:31:44.639780+00:00 aleix systemd[1]: Started systemd-ask-password-console.path - Dispatch Password Requests to Console Directory Watch.
2025-10-15T09:31:44.639781+00:00 aleix systemd[1]: systemd-ask-password-plymouth.path - Forward Password Requests to Plymouth Directory Watch was skipped because of an unmet condition check (ConditionPathExists=/run/plymouth/pid).
2025-10-15T09:31:44.639783+00:00 aleix systemd[1]: Reached target cryptsetup.target - Local Encrypted Volumes.
2025-10-15T09:31:44.639785+00:00 aleix systemd[1]: Listening on systemd-rfkill.socket - Load/Save RF Kill Switch Status /dev/rfkill Watch.
2025-10-15T09:31:44.639788+00:00 aleix systemd[1]: Found device dev-disk-by\x2duuid-362f7b71\x2d1bfd\x2d4702\x2da065\x2d4cfed02bb8c2.device - VBOX_HARDDISK 2.
2025-10-15T09:31:44.639789+00:00 aleix lvm[444]: PV /dev/sda3 online, VG ubuntu-vg is complete.
2025-10-15T09:31:44.639791+00:00 aleix lvm[444]: VG ubuntu-vg finished
2025-10-15T09:31:44.639792+00:00 aleix systemd[1]: Starting systemd-fsck@dev-disk-by\x2duuid-362f7b71\x2d1bfd\x2d4702\x2da065\x2d4cfed02bb8c2.service - File System Check on /dev/disk/by-uuid/362f7b71-1bfd-4702-a065-4cfed02bb8c2...
2025-10-15T09:31:44.639794+00:00 aleix systemd[1]: Started systemd-fsckd.service - File System Check Daemon to report status.
2025-10-15T09:31:44.639797+00:00 aleix systemd-fsck[466]: /dev/sda2: clean, 317/131072 files, 51631/524288 blocks
2025-10-15T09:31:44.639800+00:00 aleix systemd[1]: Finished systemd-fsck@dev-disk-by\x2duuid-362f7b71\x2d1bfd\x2d4702\x2da065\x2d4cfed02bb8c2.service - File System Check on /dev/disk/by-uuid/362f7b71-1bfd-4702-a065-4cfed02bb8c2.
2025-10-15T09:31:44.639801+00:00 aleix systemd[1]: Mounting boot.mount - /boot...
2025-10-15T09:31:44.639803+00:00 aleix systemd[1]: Mounted boot.mount - /boot.
2025-10-15T09:31:44.639804+00:00 aleix systemd[1]: Reached target local-fs.target - Local File Systems.
2025-10-15T09:31:44.639806+00:00 aleix systemd[1]: Listening on systemd-sysext.socket - System Extension Image Management (Varlink).
2025-10-15T09:31:44.639809+00:00 aleix systemd[1]: Starting apparmor.service - Load AppArmor profiles...
2025-10-15T09:31:44.639810+00:00 aleix systemd[1]: Starting console-setup.service - Set console font and keymap...
2025-10-15T09:31:44.639813+00:00 aleix systemd[1]: Starting finalrd.service - Create final runtime dir for shutdown pivot root...
2025-10-15T09:31:44.639815+00:00 aleix systemd[1]: Starting ldconfig.service - Rebuild Dynamic Linker Cache...
2025-10-15T09:31:44.639816+00:00 aleix apparmor.systemd[486]: Restarting AppArmor
2025-10-15T09:31:44.639818+00:00 aleix apparmor.systemd[486]: /lib/apparmor/apparmor.systemd: 148: [: Illegal number: yes
2025-10-15T09:31:44.639820+00:00 aleix apparmor.systemd[486]: Reloading AppArmor profiles
2025-10-15T09:31:44.639823+00:00 aleix systemd[1]: Starting plymouth-read-write.service - Tell Plymouth To Write Out Runtime Data...
2025-10-15T09:31:44.639824+00:00 aleix systemd[1]: Starting systemd-binfmt.service - Set Up Additional Binary Formats...
2025-10-15T09:31:44.639826+00:00 aleix systemd[1]: Starting systemd-tmpfiles-setup.service - Create Volatile Files and Directories...
2025-10-15T09:31:44.639827+00:00 aleix systemd[1]: Starting ufw.service - Uncomplicated firewall...
2025-10-15T09:31:44.639829+00:00 aleix systemd[1]: Finished console-setup.service - Set console font and keymap.
2025-10-15T09:31:44.639832+00:00 aleix systemd[1]: Finished finalrd.service - Create final runtime dir for shutdown pivot root.
2025-10-15T09:31:44.639833+00:00 aleix systemd[1]: Finished ldconfig.service - Rebuild Dynamic Linker Cache.
2025-10-15T09:31:44.639835+00:00 aleix systemd[1]: Finished plymouth-read-write.service - Tell Plymouth To Write Out Runtime Data.
2025-10-15T09:31:44.639836+00:00 aleix systemd[1]: Finished ufw.service - Uncomplicated firewall.
2025-10-15T09:31:44.639838+00:00 aleix systemd[1]: proc-sys-fs-binfmt_misc.automount: Got automount request for /proc/sys/fs/binfmt_misc, triggered by 515 (systemd-binfmt)
2025-10-15T09:31:44.639841+00:00 aleix systemd[1]: Mounting proc-sys-fs-binfmt_misc.mount - Arbitrary Executable File Formats File System...
2025-10-15T09:31:44.639842+00:00 aleix systemd[1]: Finished systemd-tmpfiles-setup.service - Create Volatile Files and Directories.
2025-10-15T09:31:44.639844+00:00 aleix systemd[1]: systemd-firstboot.service - First Boot Wizard was skipped because of an unmet condition check (ConditionFirstBoot=yes).
2025-10-15T09:31:44.639846+00:00 aleix systemd[1]: first-boot-complete.target - First Boot Complete was skipped because of an unmet condition check (ConditionFirstBoot=yes).
2025-10-15T09:31:44.639847+00:00 aleix systemd[1]: Starting systemd-journal-catalog-update.service - Rebuild Journal Catalog...
2025-10-15T09:31:44.639849+00:00 aleix systemd[1]: systemd-machine-id-commit.service - Commit a transient machine-id on disk was skipped because of an unmet condition check (ConditionPathIsMountPoint=/etc/machine-id).
2025-10-15T09:31:44.639853+00:00 aleix systemd[1]: Starting systemd-resolved.service - Network Name Resolution...
2025-10-15T09:31:44.639855+00:00 aleix systemd[1]: Starting systemd-timesyncd.service - Network Time Synchronization...
2025-10-15T09:31:44.639858+00:00 aleix systemd[1]: Starting systemd-update-utmp.service - Record System Boot/Shutdown in UTMP...
2025-10-15T09:31:44.639859+00:00 aleix systemd[1]: Mounted proc-sys-fs-binfmt_misc.mount - Arbitrary Executable File Formats File System.
2025-10-15T09:31:44.639861+00:00 aleix systemd[1]: Finished systemd-binfmt.service - Set Up Additional Binary Formats.
2025-10-15T09:31:44.639863+00:00 aleix systemd[1]: Finished systemd-journal-catalog-update.service - Rebuild Journal Catalog.
2025-10-15T09:31:44.639865+00:00 aleix systemd[1]: Starting systemd-update-done.service - Update is Completed...
2025-10-15T09:31:44.639867+00:00 aleix systemd[1]: Finished systemd-update-utmp.service - Record System Boot/Shutdown in UTMP.
2025-10-15T09:31:44.639868+00:00 aleix systemd[1]: Finished systemd-update-done.service - Update is Completed.
2025-10-15T09:31:44.639870+00:00 aleix systemd[1]: Started systemd-timesyncd.service - Network Time Synchronization.
2025-10-15T09:31:44.639871+00:00 aleix systemd[1]: Reached target time-set.target - System Time Set.
2025-10-15T09:31:44.639874+00:00 aleix systemd-resolved[551]: Positive Trust Anchors:
2025-10-15T09:31:44.639876+00:00 aleix systemd-resolved[551]: . IN DS 20326 8 2 e06d44b80b8f1d39a95c0b0d7c65d08458e880409bbc683457104237c7f8ec8d
2025-10-15T09:31:44.639891+00:00 aleix systemd-resolved[551]: Negative trust anchors: home.arpa 10.in-addr.arpa 16.172.in-addr.arpa 17.172.in-addr.arpa 18.172.in-addr.arpa 19.172.in-addr.arpa 20.172.in-addr.arpa 21.172.in-addr.arpa 22.172.in-addr.arpa 23.172.in-addr.arpa 24.172.in-addr.arpa 25.172.in-addr.arpa 26.172.in-addr.arpa 27.172.in-addr.arpa 28.172.in-addr.arpa 29.172.in-addr.arpa 30.172.in-addr.arpa 31.172.in-addr.arpa 170.0.0.192.in-addr.arpa 171.0.0.192.in-addr.arpa 168.192.in-addr.arpa d.f.ip6.arpa ipv4only.arpa corp home internal intranet lan local private test
2025-10-15T09:31:44.639896+00:00 aleix systemd-resolved[551]: Using system hostname 'aleix'.
2025-10-15T09:31:44.639898+00:00 aleix systemd[1]: Started systemd-resolved.service - Network Name Resolution.
2025-10-15T09:31:44.639900+00:00 aleix systemd[1]: Reached target nss-lookup.target - Host and Network Name Lookups.
2025-10-15T09:31:44.639904+00:00 aleix systemd[1]: Finished apparmor.service - Load AppArmor profiles.
2025-10-15T09:31:44.639906+00:00 aleix systemd[1]: Starting snapd.apparmor.service - Load AppArmor profiles managed internally by snapd...
2025-10-15T09:31:44.639907+00:00 aleix systemd[1]: vgauth.service - Authentication service for virtual machines hosted on VMware was skipped because of an unmet condition check (ConditionVirtualization=vmware).
2025-10-15T09:31:44.639909+00:00 aleix systemd[1]: open-vm-tools.service - Service for virtual machines hosted on VMware was skipped because of an unmet condition check (ConditionVirtualization=vmware).
2025-10-15T09:31:44.639910+00:00 aleix systemd[1]: Starting cloud-init-local.service - Cloud-init: Local Stage (pre-network)...
2025-10-15T09:31:44.639913+00:00 aleix snapd-apparmor[645]: main.go:143: No profiles to load
2025-10-15T09:31:44.639915+00:00 aleix systemd[1]: Finished snapd.apparmor.service - Load AppArmor profiles managed internally by snapd.
2025-10-15T09:31:44.639917+00:00 aleix cloud-init[655]: Cloud-init v. 25.1.4-0ubuntu0~24.04.1 running 'init-local' at Wed, 15 Oct 2025 09:31:40 +0000. Up 5.28 seconds.
2025-10-15T09:31:44.639919+00:00 aleix systemd[1]: netplan-ovs-cleanup.service - OpenVSwitch configuration for cleanup was skipped because of an unmet condition check (ConditionFileIsExecutable=/usr/bin/ovs-vsctl).
2025-10-15T09:31:44.639927+00:00 aleix systemd[1]: message repeated 2 times: [ netplan-ovs-cleanup.service - OpenVSwitch configuration for cleanup was skipped because of an unmet condition check (ConditionFileIsExecutable=/usr/bin/ovs-vsctl).]
2025-10-15T09:31:44.639929+00:00 aleix systemd[1]: Reloading requested from client PID 665 ('systemctl') (unit cloud-init-local.service)...
2025-10-15T09:31:44.639933+00:00 aleix systemd[1]: Reloading...
2025-10-15T09:31:44.639935+00:00 aleix systemd[1]: Reloading finished in 207 ms.
2025-10-15T09:31:44.639936+00:00 aleix systemd[1]: Finished cloud-init-local.service - Cloud-init: Local Stage (pre-network).
2025-10-15T09:31:44.639938+00:00 aleix systemd[1]: Reached target network-pre.target - Preparation for Network.
2025-10-15T09:31:44.639941+00:00 aleix systemd[1]: Starting systemd-networkd.service - Network Configuration...
2025-10-15T09:31:44.639943+00:00 aleix systemd-networkd[704]: lo: Link UP
2025-10-15T09:31:44.639945+00:00 aleix systemd-networkd[704]: lo: Gained carrier
2025-10-15T09:31:44.639946+00:00 aleix systemd-networkd[704]: Enumeration completed
2025-10-15T09:31:44.639948+00:00 aleix systemd[1]: Started systemd-networkd.service - Network Configuration.
2025-10-15T09:31:44.639949+00:00 aleix systemd[1]: Reached target network.target - Network.
2025-10-15T09:31:44.639952+00:00 aleix systemd[1]: Starting systemd-networkd-wait-online.service - Wait for Network to be Configured...
2025-10-15T09:31:44.639953+00:00 aleix systemd-networkd[704]: enp0s3: Configuring with /run/systemd/network/10-netplan-enp0s3.network.
2025-10-15T09:31:44.639955+00:00 aleix systemd-networkd[704]: enp0s3: Link UP
2025-10-15T09:31:44.639957+00:00 aleix systemd-networkd[704]: enp0s3: Gained carrier
2025-10-15T09:31:44.639958+00:00 aleix systemd-networkd[704]: enp0s3: DHCPv4 address 10.0.2.15/24, gateway 10.0.2.2 acquired from 10.0.2.2
2025-10-15T09:31:44.639960+00:00 aleix systemd-timesyncd[556]: Network configuration changed, trying to establish connection.
2025-10-15T09:31:44.639963+00:00 aleix systemd-networkd[704]: enp0s3: Gained IPv6LL
2025-10-15T09:31:44.639965+00:00 aleix systemd-timesyncd[556]: Network configuration changed, trying to establish connection.
2025-10-15T09:31:44.639966+00:00 aleix systemd[1]: Finished systemd-networkd-wait-online.service - Wait for Network to be Configured.
2025-10-15T09:31:44.639968+00:00 aleix systemd[1]: Starting cloud-init.service - Cloud-init: Network Stage...
2025-10-15T09:31:44.639969+00:00 aleix cloud-init[719]: Cloud-init v. 25.1.4-0ubuntu0~24.04.1 running 'init' at Wed, 15 Oct 2025 09:31:42 +0000. Up 7.20 seconds.
2025-10-15T09:31:44.639559+00:00 aleix kernel: Linux version 6.8.0-85-generic (buildd@lcy02-amd64-106) (x86_64-linux-gnu-gcc-13 (Ubuntu 13.3.0-6ubuntu2~24.04) 13.3.0, GNU ld (GNU Binutils for Ubuntu) 2.42) #85-Ubuntu SMP PREEMPT_DYNAMIC Thu Sep 18 15:26:59 UTC 2025 (Ubuntu 6.8.0-85.85-generic 6.8.12)
2025-10-15T09:31:44.641616+00:00 aleix kernel: Command line: BOOT_IMAGE=/vmlinuz-6.8.0-85-generic root=/dev/mapper/ubuntu--vg-ubuntu--lv ro
2025-10-15T09:31:44.641622+00:00 aleix kernel: KERNEL supported cpus:
2025-10-15T09:31:44.641622+00:00 aleix kernel:   Intel GenuineIntel
2025-10-15T09:31:44.641622+00:00 aleix kernel:   AMD AuthenticAMD
2025-10-15T09:31:44.641622+00:00 aleix kernel:   Hygon HygonGenuine
2025-10-15T09:31:44.641623+00:00 aleix kernel:   Centaur CentaurHauls
2025-10-15T09:31:44.641625+00:00 aleix kernel:   zhaoxin   Shanghai  
2025-10-15T09:31:44.641626+00:00 aleix kernel: BIOS-provided physical RAM map:
2025-10-15T09:31:44.641626+00:00 aleix kernel: BIOS-e820: [mem 0x0000000000000000-0x000000000009fbff] usable
2025-10-15T09:31:44.641626+00:00 aleix kernel: BIOS-e820: [mem 0x000000000009fc00-0x000000000009ffff] reserved
2025-10-15T09:31:44.641627+00:00 aleix kernel: BIOS-e820: [mem 0x00000000000f0000-0x00000000000fffff] reserved
2025-10-15T09:31:44.641627+00:00 aleix kernel: BIOS-e820: [mem 0x0000000000100000-0x000000007ffeffff] usable
2025-10-15T09:31:44.641627+00:00 aleix kernel: BIOS-e820: [mem 0x000000007fff0000-0x000000007fffffff] ACPI data
2025-10-15T09:31:44.641629+00:00 aleix kernel: BIOS-e820: [mem 0x00000000fec00000-0x00000000fec00fff] reserved
2025-10-15T09:31:44.641629+00:00 aleix kernel: BIOS-e820: [mem 0x00000000fee00000-0x00000000fee00fff] reserved
2025-10-15T09:31:44.641629+00:00 aleix kernel: BIOS-e820: [mem 0x00000000fffc0000-0x00000000ffffffff] reserved
2025-10-15T09:31:44.641629+00:00 aleix kernel: NX (Execute Disable) protection: active
2025-10-15T09:31:44.641630+00:00 aleix kernel: APIC: Static calls initialized
2025-10-15T09:31:44.641630+00:00 aleix kernel: SMBIOS 2.5 present.
2025-10-15T09:31:44.641631+00:00 aleix kernel: DMI: innotek GmbH VirtualBox/VirtualBox, BIOS VirtualBox 12/01/2006
2025-10-15T09:31:44.641632+00:00 aleix kernel: Hypervisor detected: KVM
2025-10-15T09:31:44.641632+00:00 aleix kernel: kvm-clock: Using msrs 4b564d01 and 4b564d00
2025-10-15T09:31:44.641632+00:00 aleix kernel: kvm-clock: using sched offset of 4084809342 cycles
2025-10-15T09:31:44.641632+00:00 aleix kernel: clocksource: kvm-clock: mask: 0xffffffffffffffff max_cycles: 0x1cd42e4dffb, max_idle_ns: 881590591483 ns
2025-10-15T09:31:44.641633+00:00 aleix kernel: tsc: Detected 3792.004 MHz processor
2025-10-15T09:31:44.641634+00:00 aleix kernel: e820: update [mem 0x00000000-0x00000fff] usable ==> reserved
2025-10-15T09:31:44.641634+00:00 aleix kernel: e820: remove [mem 0x000a0000-0x000fffff] usable
2025-10-15T09:31:44.641634+00:00 aleix kernel: last_pfn = 0x7fff0 max_arch_pfn = 0x400000000
2025-10-15T09:31:44.641635+00:00 aleix kernel: MTRR map: 4 entries (3 fixed + 1 variable; max 35), built from 16 variable MTRRs
2025-10-15T09:31:44.641635+00:00 aleix kernel: x86/PAT: Configuration [0-7]: WB  WC  UC- UC  WB  WP  UC- WT  
2025-10-15T09:31:44.641635+00:00 aleix kernel: found SMP MP-table at [mem 0x0009fbf0-0x0009fbff]
2025-10-15T09:31:44.641635+00:00 aleix kernel: RAMDISK: [mem 0x2f5bb000-0x33ad4fff]
2025-10-15T09:31:44.641637+00:00 aleix kernel: ACPI: Early table checksum verification disabled
2025-10-15T09:31:44.641637+00:00 aleix kernel: ACPI: RSDP 0x00000000000E0000 000024 (v02 VBOX  )
2025-10-15T09:31:44.641637+00:00 aleix kernel: ACPI: XSDT 0x000000007FFF0030 00003C (v01 VBOX   VBOXXSDT 00000001 ASL  00000061)
2025-10-15T09:31:44.641637+00:00 aleix kernel: ACPI: FACP 0x000000007FFF00F0 0000F4 (v04 VBOX   VBOXFACP 00000001 ASL  00000061)
2025-10-15T09:31:44.641638+00:00 aleix kernel: ACPI: DSDT 0x000000007FFF02E0 002353 (v02 VBOX   VBOXBIOS 00000002 VBOX 000298F4)
2025-10-15T09:31:44.641638+00:00 aleix kernel: ACPI: FACS 0x000000007FFF0200 000040
2025-10-15T09:31:44.641639+00:00 aleix kernel: ACPI: FACS 0x000000007FFF0200 000040
2025-10-15T09:31:44.641641+00:00 aleix kernel: ACPI: APIC 0x000000007FFF0240 000054 (v02 VBOX   VBOXAPIC 00000001 ASL  00000061)
2025-10-15T09:31:44.641641+00:00 aleix kernel: ACPI: SSDT 0x000000007FFF02A0 000038 (v01 VBOX   VBOXCPUT 00000002 VBOX 000298F4)
2025-10-15T09:31:44.641641+00:00 aleix kernel: ACPI: Reserving FACP table memory at [mem 0x7fff00f0-0x7fff01e3]
2025-10-15T09:31:44.641642+00:00 aleix kernel: ACPI: Reserving DSDT table memory at [mem 0x7fff02e0-0x7fff2632]
2025-10-15T09:31:44.641642+00:00 aleix kernel: ACPI: Reserving FACS table memory at [mem 0x7fff0200-0x7fff023f]
2025-10-15T09:31:44.641643+00:00 aleix kernel: ACPI: Reserving FACS table memory at [mem 0x7fff0200-0x7fff023f]
2025-10-15T09:31:44.641644+00:00 aleix kernel: ACPI: Reserving APIC table memory at [mem 0x7fff0240-0x7fff0293]
2025-10-15T09:31:44.641644+00:00 aleix kernel: ACPI: Reserving SSDT table memory at [mem 0x7fff02a0-0x7fff02d7]
2025-10-15T09:31:44.641644+00:00 aleix kernel: No NUMA configuration found
2025-10-15T09:31:44.641645+00:00 aleix kernel: Faking a node at [mem 0x0000000000000000-0x000000007ffeffff]
2025-10-15T09:31:44.641645+00:00 aleix kernel: NODE_DATA(0) allocated [mem 0x7ffc5000-0x7ffeffff]
2025-10-15T09:31:44.641646+00:00 aleix kernel: Zone ranges:
2025-10-15T09:31:44.641647+00:00 aleix kernel:   DMA      [mem 0x0000000000001000-0x0000000000ffffff]
2025-10-15T09:31:44.641647+00:00 aleix kernel:   DMA32    [mem 0x0000000001000000-0x000000007ffeffff]
2025-10-15T09:31:44.641647+00:00 aleix kernel:   Normal   empty
2025-10-15T09:31:44.641647+00:00 aleix kernel:   Device   empty
2025-10-15T09:31:44.641648+00:00 aleix kernel: Movable zone start for each node
2025-10-15T09:31:44.641648+00:00 aleix kernel: Early memory node ranges
2025-10-15T09:31:44.641649+00:00 aleix kernel:   node   0: [mem 0x0000000000001000-0x000000000009efff]
2025-10-15T09:31:44.641649+00:00 aleix kernel:   node   0: [mem 0x0000000000100000-0x000000007ffeffff]
2025-10-15T09:31:44.641649+00:00 aleix kernel: Initmem setup node 0 [mem 0x0000000000001000-0x000000007ffeffff]
2025-10-15T09:31:44.641650+00:00 aleix kernel: On node 0, zone DMA: 1 pages in unavailable ranges
2025-10-15T09:31:44.641650+00:00 aleix kernel: On node 0, zone DMA: 97 pages in unavailable ranges
2025-10-15T09:31:44.641650+00:00 aleix kernel: On node 0, zone DMA32: 16 pages in unavailable ranges
2025-10-15T09:31:44.641651+00:00 aleix kernel: ACPI: PM-Timer IO Port: 0x4008
2025-10-15T09:31:44.641652+00:00 aleix kernel: IOAPIC[0]: apic_id 1, version 32, address 0xfec00000, GSI 0-23
2025-10-15T09:31:44.641652+00:00 aleix kernel: ACPI: INT_SRC_OVR (bus 0 bus_irq 0 global_irq 2 dfl dfl)
2025-10-15T09:31:44.641652+00:00 aleix kernel: ACPI: INT_SRC_OVR (bus 0 bus_irq 9 global_irq 9 low level)
2025-10-15T09:31:44.641653+00:00 aleix kernel: ACPI: Using ACPI (MADT) for SMP configuration information
2025-10-15T09:31:44.641653+00:00 aleix kernel: smpboot: Allowing 1 CPUs, 0 hotplug CPUs
2025-10-15T09:31:44.641653+00:00 aleix kernel: PM: hibernation: Registered nosave memory: [mem 0x00000000-0x00000fff]
2025-10-15T09:31:44.641655+00:00 aleix kernel: PM: hibernation: Registered nosave memory: [mem 0x0009f000-0x0009ffff]
2025-10-15T09:31:44.641655+00:00 aleix kernel: PM: hibernation: Registered nosave memory: [mem 0x000a0000-0x000effff]
2025-10-15T09:31:44.641655+00:00 aleix kernel: PM: hibernation: Registered nosave memory: [mem 0x000f0000-0x000fffff]
2025-10-15T09:31:44.641655+00:00 aleix kernel: [mem 0x80000000-0xfebfffff] available for PCI devices
2025-10-15T09:31:44.641656+00:00 aleix kernel: Booting paravirtualized kernel on KVM
2025-10-15T09:31:44.641656+00:00 aleix kernel: clocksource: refined-jiffies: mask: 0xffffffff max_cycles: 0xffffffff, max_idle_ns: 1910969940391419 ns
2025-10-15T09:31:44.641657+00:00 aleix kernel: setup_percpu: NR_CPUS:8192 nr_cpumask_bits:1 nr_cpu_ids:1 nr_node_ids:1
2025-10-15T09:31:44.641657+00:00 aleix kernel: percpu: Embedded 86 pages/cpu s229376 r8192 d114688 u2097152
2025-10-15T09:31:44.641658+00:00 aleix kernel: pcpu-alloc: s229376 r8192 d114688 u2097152 alloc=1*2097152
2025-10-15T09:31:44.641658+00:00 aleix kernel: pcpu-alloc: [0] 0 
2025-10-15T09:31:44.641658+00:00 aleix kernel: kvm-guest: PV spinlocks disabled, single CPU
2025-10-15T09:31:44.641658+00:00 aleix kernel: Kernel command line: BOOT_IMAGE=/vmlinuz-6.8.0-85-generic root=/dev/mapper/ubuntu--vg-ubuntu--lv ro
2025-10-15T09:31:44.641660+00:00 aleix kernel: Unknown kernel command line parameters "BOOT_IMAGE=/vmlinuz-6.8.0-85-generic", will be passed to user space.
2025-10-15T09:31:44.641660+00:00 aleix kernel: random: crng init done
2025-10-15T09:31:44.641660+00:00 aleix kernel: Dentry cache hash table entries: 262144 (order: 9, 2097152 bytes, linear)
2025-10-15T09:31:44.641661+00:00 aleix kernel: Inode-cache hash table entries: 131072 (order: 8, 1048576 bytes, linear)
2025-10-15T09:31:44.641661+00:00 aleix kernel: Fallback order for Node 0: 0 
2025-10-15T09:31:44.641661+00:00 aleix kernel: Built 1 zonelists, mobility grouping on.  Total pages: 515824
2025-10-15T09:31:44.641663+00:00 aleix kernel: Policy zone: DMA32
2025-10-15T09:31:44.641663+00:00 aleix kernel: mem auto-init: stack:all(zero), heap alloc:on, heap free:off
2025-10-15T09:31:44.641663+00:00 aleix kernel: Memory: 1935316K/2096696K available (22528K kernel code, 4444K rwdata, 14384K rodata, 5008K init, 4696K bss, 161120K reserved, 0K cma-reserved)
2025-10-15T09:31:44.641664+00:00 aleix kernel: SLUB: HWalign=64, Order=0-3, MinObjects=0, CPUs=1, Nodes=1
2025-10-15T09:31:44.641664+00:00 aleix kernel: ftrace: allocating 58207 entries in 228 pages
2025-10-15T09:31:44.641664+00:00 aleix kernel: ftrace: allocated 228 pages with 4 groups
2025-10-15T09:31:44.641664+00:00 aleix kernel: Dynamic Preempt: voluntary
2025-10-15T09:31:44.641666+00:00 aleix kernel: rcu: Preemptible hierarchical RCU implementation.
2025-10-15T09:31:44.641666+00:00 aleix kernel: rcu: 	RCU restricting CPUs from NR_CPUS=8192 to nr_cpu_ids=1.
2025-10-15T09:31:44.641666+00:00 aleix kernel: 	Trampoline variant of Tasks RCU enabled.
2025-10-15T09:31:44.641666+00:00 aleix kernel: 	Rude variant of Tasks RCU enabled.
2025-10-15T09:31:44.641667+00:00 aleix kernel: 	Tracing variant of Tasks RCU enabled.
2025-10-15T09:31:44.641667+00:00 aleix kernel: rcu: RCU calculated value of scheduler-enlistment delay is 100 jiffies.
2025-10-15T09:31:44.641669+00:00 aleix kernel: rcu: Adjusting geometry for rcu_fanout_leaf=16, nr_cpu_ids=1
2025-10-15T09:31:44.641669+00:00 aleix kernel: RCU Tasks: Setting shift to 0 and lim to 1 rcu_task_cb_adjust=1 rcu_task_cpu_ids=1.
2025-10-15T09:31:44.641670+00:00 aleix kernel: RCU Tasks Rude: Setting shift to 0 and lim to 1 rcu_task_cb_adjust=1 rcu_task_cpu_ids=1.
2025-10-15T09:31:44.641670+00:00 aleix kernel: RCU Tasks Trace: Setting shift to 0 and lim to 1 rcu_task_cb_adjust=1 rcu_task_cpu_ids=1.
2025-10-15T09:31:44.641670+00:00 aleix kernel: NR_IRQS: 524544, nr_irqs: 256, preallocated irqs: 16
2025-10-15T09:31:44.641670+00:00 aleix kernel: rcu: srcu_init: Setting srcu_struct sizes based on contention.
2025-10-15T09:31:44.641808+00:00 aleix kernel: Console: colour VGA+ 80x25
2025-10-15T09:31:44.641811+00:00 aleix kernel: printk: legacy console [tty0] enabled
2025-10-15T09:31:44.641811+00:00 aleix kernel: ACPI: Core revision 20230628
2025-10-15T09:31:44.641812+00:00 aleix kernel: APIC: Switch to symmetric I/O mode setup
2025-10-15T09:31:44.641812+00:00 aleix kernel: x2apic enabled
2025-10-15T09:31:44.641812+00:00 aleix kernel: APIC: Switched APIC routing to: physical x2apic
2025-10-15T09:31:44.641812+00:00 aleix kernel: ..TIMER: vector=0x30 apic1=0 pin1=2 apic2=-1 pin2=-1
2025-10-15T09:31:44.641814+00:00 aleix kernel: clocksource: tsc-early: mask: 0xffffffffffffffff max_cycles: 0x6d51ada50fe, max_idle_ns: 881590509136 ns
2025-10-15T09:31:44.641814+00:00 aleix kernel: Calibrating delay loop (skipped) preset value.. 7584.00 BogoMIPS (lpj=3792004)
2025-10-15T09:31:44.641815+00:00 aleix kernel: process: using mwait in idle threads
2025-10-15T09:31:44.641815+00:00 aleix kernel: Last level iTLB entries: 4KB 64, 2MB 8, 4MB 8
2025-10-15T09:31:44.641815+00:00 aleix kernel: Last level dTLB entries: 4KB 64, 2MB 32, 4MB 32, 1GB 4
2025-10-15T09:31:44.641816+00:00 aleix kernel: Spectre V1 : Mitigation: usercopy/swapgs barriers and __user pointer sanitization
2025-10-15T09:31:44.641817+00:00 aleix kernel: Spectre V2 : Mitigation: Retpolines
2025-10-15T09:31:44.641817+00:00 aleix kernel: Spectre V2 : Spectre v2 / SpectreRSB mitigation: Filling RSB on context switch
2025-10-15T09:31:44.641817+00:00 aleix kernel: Spectre V2 : Spectre v2 / SpectreRSB : Filling RSB on VMEXIT
2025-10-15T09:31:44.641818+00:00 aleix kernel: RETBleed: WARNING: Spectre v2 mitigation leaves CPU vulnerable to RETBleed attacks, data leaks possible!
2025-10-15T09:31:44.641818+00:00 aleix kernel: RETBleed: Vulnerable
2025-10-15T09:31:44.641818+00:00 aleix kernel: Speculative Store Bypass: Vulnerable
2025-10-15T09:31:44.641820+00:00 aleix kernel: MMIO Stale Data: Vulnerable: Clear CPU buffers attempted, no microcode
2025-10-15T09:31:44.641820+00:00 aleix kernel: SRBDS: Unknown: Dependent on hypervisor status
2025-10-15T09:31:44.641820+00:00 aleix kernel: GDS: Unknown: Dependent on hypervisor status
2025-10-15T09:31:44.641820+00:00 aleix kernel: x86/fpu: Supporting XSAVE feature 0x001: 'x87 floating point registers'
2025-10-15T09:31:44.641821+00:00 aleix kernel: x86/fpu: Supporting XSAVE feature 0x002: 'SSE registers'
2025-10-15T09:31:44.641821+00:00 aleix kernel: x86/fpu: Supporting XSAVE feature 0x004: 'AVX registers'
2025-10-15T09:31:44.641821+00:00 aleix kernel: x86/fpu: xstate_offset[2]:  576, xstate_sizes[2]:  256
2025-10-15T09:31:44.641822+00:00 aleix kernel: x86/fpu: Enabled xstate features 0x7, context size is 832 bytes, using 'standard' format.
2025-10-15T09:31:44.641823+00:00 aleix kernel: Freeing SMP alternatives memory: 48K
2025-10-15T09:31:44.641823+00:00 aleix kernel: pid_max: default: 32768 minimum: 301
2025-10-15T09:31:44.641823+00:00 aleix kernel: LSM: initializing lsm=lockdown,capability,landlock,yama,apparmor,integrity
2025-10-15T09:31:44.641823+00:00 aleix kernel: landlock: Up and running.
2025-10-15T09:31:44.641824+00:00 aleix kernel: Yama: becoming mindful.
2025-10-15T09:31:44.641825+00:00 aleix kernel: AppArmor: AppArmor initialized
2025-10-15T09:31:44.641825+00:00 aleix kernel: Mount-cache hash table entries: 4096 (order: 3, 32768 bytes, linear)
2025-10-15T09:31:44.641825+00:00 aleix kernel: Mountpoint-cache hash table entries: 4096 (order: 3, 32768 bytes, linear)
2025-10-15T09:31:44.641826+00:00 aleix kernel: smpboot: CPU0: Intel(R) Core(TM) i3-10320 CPU @ 3.80GHz (family: 0x6, model: 0xa5, stepping: 0x3)
2025-10-15T09:31:44.641826+00:00 aleix kernel: Performance Events: unsupported p6 CPU model 165 no PMU driver, software events only.
2025-10-15T09:31:44.641826+00:00 aleix kernel: signal: max sigframe size: 1776
2025-10-15T09:31:44.641827+00:00 aleix kernel: rcu: Hierarchical SRCU implementation.
2025-10-15T09:31:44.641828+00:00 aleix kernel: rcu: 	Max phase no-delay instances is 400.
2025-10-15T09:31:44.641828+00:00 aleix kernel: NMI watchdog: Perf NMI watchdog permanently disabled
2025-10-15T09:31:44.641828+00:00 aleix kernel: smp: Bringing up secondary CPUs ...
2025-10-15T09:31:44.641828+00:00 aleix kernel: smp: Brought up 1 node, 1 CPU
2025-10-15T09:31:44.641829+00:00 aleix kernel: smpboot: Max logical packages: 1
2025-10-15T09:31:44.641829+00:00 aleix kernel: smpboot: Total of 1 processors activated (7584.00 BogoMIPS)
2025-10-15T09:31:44.641830+00:00 aleix kernel: devtmpfs: initialized
2025-10-15T09:31:44.641830+00:00 aleix kernel: x86/mm: Memory block size: 128MB
2025-10-15T09:31:44.641831+00:00 aleix kernel: clocksource: jiffies: mask: 0xffffffff max_cycles: 0xffffffff, max_idle_ns: 1911260446275000 ns
2025-10-15T09:31:44.641831+00:00 aleix kernel: futex hash table entries: 256 (order: 2, 16384 bytes, linear)
2025-10-15T09:31:44.641831+00:00 aleix kernel: pinctrl core: initialized pinctrl subsystem
2025-10-15T09:31:44.641831+00:00 aleix kernel: PM: RTC time: 09:31:35, date: 2025-10-15
2025-10-15T09:31:44.641832+00:00 aleix kernel: NET: Registered PF_NETLINK/PF_ROUTE protocol family
2025-10-15T09:31:44.641833+00:00 aleix kernel: DMA: preallocated 256 KiB GFP_KERNEL pool for atomic allocations
2025-10-15T09:31:44.641833+00:00 aleix kernel: DMA: preallocated 256 KiB GFP_KERNEL|GFP_DMA pool for atomic allocations
2025-10-15T09:31:44.641833+00:00 aleix kernel: DMA: preallocated 256 KiB GFP_KERNEL|GFP_DMA32 pool for atomic allocations
2025-10-15T09:31:44.641834+00:00 aleix kernel: audit: initializing netlink subsys (disabled)
2025-10-15T09:31:44.641834+00:00 aleix kernel: audit: type=2000 audit(1760520700.089:1): state=initialized audit_enabled=0 res=1
2025-10-15T09:31:44.641834+00:00 aleix kernel: thermal_sys: Registered thermal governor 'fair_share'
2025-10-15T09:31:44.641835+00:00 aleix kernel: thermal_sys: Registered thermal governor 'bang_bang'
2025-10-15T09:31:44.641836+00:00 aleix kernel: thermal_sys: Registered thermal governor 'step_wise'
2025-10-15T09:31:44.641836+00:00 aleix kernel: thermal_sys: Registered thermal governor 'user_space'
2025-10-15T09:31:44.641836+00:00 aleix kernel: thermal_sys: Registered thermal governor 'power_allocator'
2025-10-15T09:31:44.641836+00:00 aleix kernel: EISA bus registered
2025-10-15T09:31:44.641837+00:00 aleix kernel: cpuidle: using governor ladder
2025-10-15T09:31:44.641838+00:00 aleix kernel: cpuidle: using governor menu
2025-10-15T09:31:44.641838+00:00 aleix kernel: acpiphp: ACPI Hot Plug PCI Controller Driver version: 0.5
2025-10-15T09:31:44.641838+00:00 aleix kernel: PCI: Using configuration type 1 for base access
2025-10-15T09:31:44.641838+00:00 aleix kernel: kprobes: kprobe jump-optimization is enabled. All kprobes are optimized if possible.
2025-10-15T09:31:44.641839+00:00 aleix kernel: HugeTLB: registered 2.00 MiB page size, pre-allocated 0 pages
2025-10-15T09:31:44.641839+00:00 aleix kernel: HugeTLB: 28 KiB vmemmap can be freed for a 2.00 MiB page
2025-10-15T09:31:44.641840+00:00 aleix kernel: ACPI: Added _OSI(Module Device)
2025-10-15T09:31:44.641841+00:00 aleix kernel: ACPI: Added _OSI(Processor Device)
2025-10-15T09:31:44.641841+00:00 aleix kernel: ACPI: Added _OSI(3.0 _SCP Extensions)
2025-10-15T09:31:44.641841+00:00 aleix kernel: ACPI: Added _OSI(Processor Aggregator Device)
2025-10-15T09:31:44.641841+00:00 aleix kernel: ACPI: 2 ACPI AML tables successfully acquired and loaded
2025-10-15T09:31:44.641842+00:00 aleix kernel: ACPI: _OSC evaluation for CPUs failed, trying _PDC
2025-10-15T09:31:44.641842+00:00 aleix kernel: ACPI: Interpreter enabled
2025-10-15T09:31:44.641843+00:00 aleix kernel: ACPI: PM: (supports S0 S5)
2025-10-15T09:31:44.641843+00:00 aleix kernel: ACPI: Using IOAPIC for interrupt routing
2025-10-15T09:31:44.641844+00:00 aleix kernel: PCI: Using host bridge windows from ACPI; if necessary, use "pci=nocrs" and report a bug
2025-10-15T09:31:44.641844+00:00 aleix kernel: PCI: Using E820 reservations for host bridge windows
2025-10-15T09:31:44.641844+00:00 aleix kernel: ACPI: Enabled 2 GPEs in block 00 to 07
2025-10-15T09:31:44.641844+00:00 aleix kernel: ACPI: PCI Root Bridge [PCI0] (domain 0000 [bus 00-ff])
2025-10-15T09:31:44.641846+00:00 aleix kernel: acpi PNP0A03:00: _OSC: OS supports [ASPM ClockPM Segments MSI EDR HPX-Type3]
2025-10-15T09:31:44.641846+00:00 aleix kernel: acpi PNP0A03:00: _OSC: not requesting OS control; OS requires [ExtendedConfig ASPM ClockPM MSI]
2025-10-15T09:31:44.641846+00:00 aleix kernel: acpi PNP0A03:00: fail to add MMCONFIG information, can't access extended configuration space under this bridge
2025-10-15T09:31:44.641846+00:00 aleix kernel: PCI host bridge to bus 0000:00
2025-10-15T09:31:44.641847+00:00 aleix kernel: pci_bus 0000:00: root bus resource [io  0x0000-0x0cf7 window]
2025-10-15T09:31:44.641847+00:00 aleix kernel: pci_bus 0000:00: root bus resource [io  0x0d00-0xffff window]
2025-10-15T09:31:44.641849+00:00 aleix kernel: pci_bus 0000:00: root bus resource [mem 0x000a0000-0x000bffff window]
2025-10-15T09:31:44.641850+00:00 aleix kernel: pci_bus 0000:00: root bus resource [mem 0x80000000-0xfdffffff window]
2025-10-15T09:31:44.641850+00:00 aleix kernel: pci_bus 0000:00: root bus resource [bus 00-ff]
2025-10-15T09:31:44.641850+00:00 aleix kernel: pci 0000:00:00.0: [8086:1237] type 00 class 0x060000 conventional PCI endpoint
2025-10-15T09:31:44.641850+00:00 aleix kernel: pci 0000:00:01.0: [8086:7000] type 00 class 0x060100 conventional PCI endpoint
2025-10-15T09:31:44.641851+00:00 aleix kernel: pci 0000:00:01.1: [8086:7111] type 00 class 0x01018a conventional PCI endpoint
2025-10-15T09:31:44.641851+00:00 aleix kernel: pci 0000:00:01.1: BAR 4 [io  0xd000-0xd00f]
2025-10-15T09:31:44.641857+00:00 aleix kernel: pci 0000:00:01.1: BAR 0 [io  0x01f0-0x01f7]: legacy IDE quirk
2025-10-15T09:31:44.641858+00:00 aleix kernel: pci 0000:00:01.1: BAR 1 [io  0x03f6]: legacy IDE quirk
2025-10-15T09:31:44.641858+00:00 aleix kernel: pci 0000:00:01.1: BAR 2 [io  0x0170-0x0177]: legacy IDE quirk
2025-10-15T09:31:44.641858+00:00 aleix kernel: pci 0000:00:01.1: BAR 3 [io  0x0376]: legacy IDE quirk
2025-10-15T09:31:44.641858+00:00 aleix kernel: pci 0000:00:02.0: [15ad:0405] type 00 class 0x030000 conventional PCI endpoint
2025-10-15T09:31:44.641859+00:00 aleix kernel: pci 0000:00:02.0: BAR 0 [io  0xd010-0xd01f]
2025-10-15T09:31:44.641861+00:00 aleix kernel: pci 0000:00:02.0: BAR 1 [mem 0xe0000000-0xe0ffffff pref]
2025-10-15T09:31:44.641861+00:00 aleix kernel: pci 0000:00:02.0: BAR 2 [mem 0xf0000000-0xf01fffff]
2025-10-15T09:31:44.641861+00:00 aleix kernel: pci 0000:00:02.0: Video device with shadowed ROM at [mem 0x000c0000-0x000dffff]
2025-10-15T09:31:44.641862+00:00 aleix kernel: pci 0000:00:03.0: [8086:100e] type 00 class 0x020000 conventional PCI endpoint
2025-10-15T09:31:44.641862+00:00 aleix kernel: pci 0000:00:03.0: BAR 0 [mem 0xf0200000-0xf021ffff]
2025-10-15T09:31:44.641862+00:00 aleix kernel: pci 0000:00:03.0: BAR 2 [io  0xd020-0xd027]
2025-10-15T09:31:44.641862+00:00 aleix kernel: pci 0000:00:04.0: [80ee:cafe] type 00 class 0x088000 conventional PCI endpoint
2025-10-15T09:31:44.641864+00:00 aleix kernel: pci 0000:00:04.0: BAR 0 [io  0xd040-0xd05f]
2025-10-15T09:31:44.641900+00:00 aleix kernel: pci 0000:00:04.0: BAR 1 [mem 0xf0400000-0xf07fffff]
2025-10-15T09:31:44.641900+00:00 aleix kernel: pci 0000:00:04.0: BAR 2 [mem 0xf0800000-0xf0803fff pref]
2025-10-15T09:31:44.641901+00:00 aleix kernel: pci 0000:00:06.0: [106b:003f] type 00 class 0x0c0310 conventional PCI endpoint
2025-10-15T09:31:44.641901+00:00 aleix kernel: pci 0000:00:06.0: BAR 0 [mem 0xf0804000-0xf0804fff]
2025-10-15T09:31:44.641901+00:00 aleix kernel: pci 0000:00:07.0: [8086:7113] type 00 class 0x068000 conventional PCI endpoint
2025-10-15T09:31:44.641903+00:00 aleix kernel: pci 0000:00:07.0: quirk: [io  0x4000-0x403f] claimed by PIIX4 ACPI
2025-10-15T09:31:44.641904+00:00 aleix kernel: pci 0000:00:07.0: quirk: [io  0x4100-0x410f] claimed by PIIX4 SMB
2025-10-15T09:31:44.641904+00:00 aleix kernel: pci 0000:00:0b.0: [8086:265c] type 00 class 0x0c0320 conventional PCI endpoint
2025-10-15T09:31:44.641904+00:00 aleix kernel: pci 0000:00:0b.0: BAR 0 [mem 0xf0805000-0xf0805fff]
2025-10-15T09:31:44.641904+00:00 aleix kernel: pci 0000:00:0d.0: [8086:2829] type 00 class 0x010601 conventional PCI endpoint
2025-10-15T09:31:44.641905+00:00 aleix kernel: pci 0000:00:0d.0: BAR 0 [io  0xd060-0xd067]
2025-10-15T09:31:44.641907+00:00 aleix kernel: pci 0000:00:0d.0: BAR 1 [io  0xd068-0xd06b]
2025-10-15T09:31:44.641907+00:00 aleix kernel: pci 0000:00:0d.0: BAR 2 [io  0xd070-0xd077]
2025-10-15T09:31:44.641907+00:00 aleix kernel: pci 0000:00:0d.0: BAR 3 [io  0xd078-0xd07b]
2025-10-15T09:31:44.641907+00:00 aleix kernel: pci 0000:00:0d.0: BAR 4 [io  0xd080-0xd08f]
2025-10-15T09:31:44.641908+00:00 aleix kernel: pci 0000:00:0d.0: BAR 5 [mem 0xf0806000-0xf0807fff]
2025-10-15T09:31:44.641908+00:00 aleix kernel: ACPI: PCI: Interrupt link LNKA configured for IRQ 11
2025-10-15T09:31:44.641908+00:00 aleix kernel: ACPI: PCI: Interrupt link LNKB configured for IRQ 10
2025-10-15T09:31:44.641910+00:00 aleix kernel: ACPI: PCI: Interrupt link LNKC configured for IRQ 9
2025-10-15T09:31:44.641910+00:00 aleix kernel: ACPI: PCI: Interrupt link LNKD configured for IRQ 11
2025-10-15T09:31:44.641911+00:00 aleix kernel: iommu: Default domain type: Translated
2025-10-15T09:31:44.641911+00:00 aleix kernel: iommu: DMA domain TLB invalidation policy: lazy mode
2025-10-15T09:31:44.641911+00:00 aleix kernel: SCSI subsystem initialized
2025-10-15T09:31:44.641911+00:00 aleix kernel: libata version 3.00 loaded.
2025-10-15T09:31:44.641913+00:00 aleix kernel: ACPI: bus type USB registered
2025-10-15T09:31:44.641914+00:00 aleix kernel: usbcore: registered new interface driver usbfs
2025-10-15T09:31:44.641914+00:00 aleix kernel: usbcore: registered new interface driver hub
2025-10-15T09:31:44.641914+00:00 aleix kernel: usbcore: registered new device driver usb
2025-10-15T09:31:44.641914+00:00 aleix kernel: pps_core: LinuxPPS API ver. 1 registered
2025-10-15T09:31:44.641915+00:00 aleix kernel: pps_core: Software ver. 5.3.6 - Copyright 2005-2007 Rodolfo Giometti <giometti@linux.it>
2025-10-15T09:31:44.641915+00:00 aleix kernel: PTP clock support registered
2025-10-15T09:31:44.641917+00:00 aleix kernel: EDAC MC: Ver: 3.0.0
2025-10-15T09:31:44.641917+00:00 aleix kernel: NetLabel: Initializing
2025-10-15T09:31:44.641917+00:00 aleix kernel: NetLabel:  domain hash size = 128
2025-10-15T09:31:44.641918+00:00 aleix kernel: NetLabel:  protocols = UNLABELED CIPSOv4 CALIPSO
2025-10-15T09:31:44.641918+00:00 aleix kernel: NetLabel:  unlabeled traffic allowed by default
2025-10-15T09:31:44.641918+00:00 aleix kernel: mctp: management component transport protocol core
2025-10-15T09:31:44.641920+00:00 aleix kernel: NET: Registered PF_MCTP protocol family
2025-10-15T09:31:44.641920+00:00 aleix kernel: PCI: Using ACPI for IRQ routing
2025-10-15T09:31:44.641921+00:00 aleix kernel: PCI: pci_cache_line_size set to 64 bytes
2025-10-15T09:31:44.641921+00:00 aleix kernel: e820: reserve RAM buffer [mem 0x0009fc00-0x0009ffff]
2025-10-15T09:31:44.641921+00:00 aleix kernel: e820: reserve RAM buffer [mem 0x7fff0000-0x7fffffff]
2025-10-15T09:31:44.641921+00:00 aleix kernel: pci 0000:00:02.0: vgaarb: setting as boot VGA device
2025-10-15T09:31:44.641923+00:00 aleix kernel: pci 0000:00:02.0: vgaarb: bridge control possible
2025-10-15T09:31:44.641923+00:00 aleix kernel: pci 0000:00:02.0: vgaarb: VGA device added: decodes=io+mem,owns=io+mem,locks=none
2025-10-15T09:31:44.641924+00:00 aleix kernel: vgaarb: loaded
2025-10-15T09:31:44.641924+00:00 aleix kernel: clocksource: Switched to clocksource kvm-clock
2025-10-15T09:31:44.641924+00:00 aleix kernel: VFS: Disk quotas dquot_6.6.0
2025-10-15T09:31:44.641924+00:00 aleix kernel: VFS: Dquot-cache hash table entries: 512 (order 0, 4096 bytes)
2025-10-15T09:31:44.641925+00:00 aleix kernel: AppArmor: AppArmor Filesystem Enabled
2025-10-15T09:31:44.641927+00:00 aleix kernel: pnp: PnP ACPI init
2025-10-15T09:31:44.641927+00:00 aleix kernel: pnp: PnP ACPI: found 2 devices
2025-10-15T09:31:44.641927+00:00 aleix kernel: clocksource: acpi_pm: mask: 0xffffff max_cycles: 0xffffff, max_idle_ns: 2085701024 ns
2025-10-15T09:31:44.641927+00:00 aleix kernel: NET: Registered PF_INET protocol family
2025-10-15T09:31:44.641928+00:00 aleix kernel: IP idents hash table entries: 32768 (order: 6, 262144 bytes, linear)
2025-10-15T09:31:44.641928+00:00 aleix kernel: tcp_listen_portaddr_hash hash table entries: 1024 (order: 2, 16384 bytes, linear)
2025-10-15T09:31:44.641930+00:00 aleix kernel: Table-perturb hash table entries: 65536 (order: 6, 262144 bytes, linear)
2025-10-15T09:31:44.641930+00:00 aleix kernel: TCP established hash table entries: 16384 (order: 5, 131072 bytes, linear)
2025-10-15T09:31:44.641930+00:00 aleix kernel: TCP bind hash table entries: 16384 (order: 7, 524288 bytes, linear)
2025-10-15T09:31:44.641931+00:00 aleix kernel: TCP: Hash tables configured (established 16384 bind 16384)
2025-10-15T09:31:44.641931+00:00 aleix kernel: MPTCP token hash table entries: 2048 (order: 3, 49152 bytes, linear)
2025-10-15T09:31:44.641931+00:00 aleix kernel: UDP hash table entries: 1024 (order: 3, 32768 bytes, linear)
2025-10-15T09:31:44.641931+00:00 aleix kernel: UDP-Lite hash table entries: 1024 (order: 3, 32768 bytes, linear)
2025-10-15T09:31:44.641933+00:00 aleix kernel: NET: Registered PF_UNIX/PF_LOCAL protocol family
2025-10-15T09:31:44.641934+00:00 aleix kernel: NET: Registered PF_XDP protocol family
2025-10-15T09:31:44.641934+00:00 aleix kernel: pci_bus 0000:00: resource 4 [io  0x0000-0x0cf7 window]
2025-10-15T09:31:44.641934+00:00 aleix kernel: pci_bus 0000:00: resource 5 [io  0x0d00-0xffff window]
2025-10-15T09:31:44.641934+00:00 aleix kernel: pci_bus 0000:00: resource 6 [mem 0x000a0000-0x000bffff window]
2025-10-15T09:31:44.641935+00:00 aleix kernel: pci_bus 0000:00: resource 7 [mem 0x80000000-0xfdffffff window]
2025-10-15T09:31:44.641936+00:00 aleix kernel: pci 0000:00:00.0: Limiting direct PCI/PCI transfers
2025-10-15T09:31:44.641937+00:00 aleix kernel: PCI: CLS 0 bytes, default 64
2025-10-15T09:31:44.641937+00:00 aleix kernel: Trying to unpack rootfs image as initramfs...
2025-10-15T09:31:44.641937+00:00 aleix kernel: clocksource: tsc: mask: 0xffffffffffffffff max_cycles: 0x6d51ada50fe, max_idle_ns: 881590509136 ns
2025-10-15T09:31:44.641937+00:00 aleix kernel: clocksource: Switched to clocksource tsc
2025-10-15T09:31:44.641938+00:00 aleix kernel: platform rtc_cmos: registered platform RTC device (no PNP device found)
2025-10-15T09:31:44.641940+00:00 aleix kernel: Initialise system trusted keyrings
2025-10-15T09:31:44.641941+00:00 aleix kernel: Key type blacklist registered
2025-10-15T09:31:44.641941+00:00 aleix kernel: workingset: timestamp_bits=36 max_order=19 bucket_order=0
2025-10-15T09:31:44.641941+00:00 aleix kernel: zbud: loaded
2025-10-15T09:31:44.641941+00:00 aleix kernel: squashfs: version 4.0 (2009/01/31) Phillip Lougher
2025-10-15T09:31:44.641942+00:00 aleix kernel: fuse: init (API version 7.39)
2025-10-15T09:31:44.641942+00:00 aleix kernel: integrity: Platform Keyring initialized
2025-10-15T09:31:44.641944+00:00 aleix kernel: integrity: Machine keyring initialized
2025-10-15T09:31:44.641944+00:00 aleix kernel: Key type asymmetric registered
2025-10-15T09:31:44.641944+00:00 aleix kernel: Asymmetric key parser 'x509' registered
2025-10-15T09:31:44.641945+00:00 aleix kernel: Block layer SCSI generic (bsg) driver version 0.4 loaded (major 243)
2025-10-15T09:31:44.641945+00:00 aleix kernel: io scheduler mq-deadline registered
2025-10-15T09:31:44.641945+00:00 aleix kernel: shpchp: Standard Hot Plug PCI Controller Driver version: 0.4
2025-10-15T09:31:44.641947+00:00 aleix kernel: ACPI: AC: AC Adapter [AC] (on-line)
2025-10-15T09:31:44.641947+00:00 aleix kernel: input: Power Button as /devices/LNXSYSTM:00/LNXPWRBN:00/input/input0
2025-10-15T09:31:44.641948+00:00 aleix kernel: ACPI: button: Power Button [PWRF]
2025-10-15T09:31:44.641948+00:00 aleix kernel: input: Sleep Button as /devices/LNXSYSTM:00/LNXSLPBN:00/input/input1
2025-10-15T09:31:44.641948+00:00 aleix kernel: ACPI: button: Sleep Button [SLPF]
2025-10-15T09:31:44.641948+00:00 aleix kernel: Serial: 8250/16550 driver, 32 ports, IRQ sharing enabled
2025-10-15T09:31:44.641949+00:00 aleix kernel: Linux agpgart interface v0.103
2025-10-15T09:31:44.641950+00:00 aleix kernel: loop: module loaded
2025-10-15T09:31:44.641951+00:00 aleix kernel: ata_piix 0000:00:01.1: version 2.13
2025-10-15T09:31:44.641951+00:00 aleix kernel: scsi host0: ata_piix
2025-10-15T09:31:44.641951+00:00 aleix kernel: scsi host1: ata_piix
2025-10-15T09:31:44.641952+00:00 aleix kernel: ata1: PATA max UDMA/33 cmd 0x1f0 ctl 0x3f6 bmdma 0xd000 irq 14 lpm-pol 0
2025-10-15T09:31:44.641952+00:00 aleix kernel: ata2: PATA max UDMA/33 cmd 0x170 ctl 0x376 bmdma 0xd008 irq 15 lpm-pol 0
2025-10-15T09:31:44.641954+00:00 aleix kernel: ACPI: bus type drm_connector registered
2025-10-15T09:31:44.641954+00:00 aleix kernel: tun: Universal TUN/TAP device driver, 1.6
2025-10-15T09:31:44.641954+00:00 aleix kernel: PPP generic driver version 2.4.2
2025-10-15T09:31:44.641954+00:00 aleix kernel: ohci-pci 0000:00:06.0: OHCI PCI host controller
2025-10-15T09:31:44.641955+00:00 aleix kernel: ohci-pci 0000:00:06.0: new USB bus registered, assigned bus number 1
2025-10-15T09:31:44.641955+00:00 aleix kernel: ohci-pci 0000:00:06.0: irq 22, io mem 0xf0804000
2025-10-15T09:31:44.641957+00:00 aleix kernel: usb usb1: New USB device found, idVendor=1d6b, idProduct=0001, bcdDevice= 6.08
2025-10-15T09:31:44.641957+00:00 aleix kernel: usb usb1: New USB device strings: Mfr=3, Product=2, SerialNumber=1
2025-10-15T09:31:44.641957+00:00 aleix kernel: usb usb1: Product: OHCI PCI host controller
2025-10-15T09:31:44.641958+00:00 aleix kernel: usb usb1: Manufacturer: Linux 6.8.0-85-generic ohci_hcd
2025-10-15T09:31:44.641958+00:00 aleix kernel: usb usb1: SerialNumber: 0000:00:06.0
2025-10-15T09:31:44.641958+00:00 aleix kernel: hub 1-0:1.0: USB hub found
2025-10-15T09:31:44.641959+00:00 aleix kernel: hub 1-0:1.0: 12 ports detected
2025-10-15T09:31:44.641960+00:00 aleix kernel: ehci-pci 0000:00:0b.0: EHCI Host Controller
2025-10-15T09:31:44.641961+00:00 aleix kernel: ehci-pci 0000:00:0b.0: new USB bus registered, assigned bus number 2
2025-10-15T09:31:44.641961+00:00 aleix kernel: ehci-pci 0000:00:0b.0: irq 19, io mem 0xf0805000
2025-10-15T09:31:44.641961+00:00 aleix kernel: i8042: PNP: PS/2 Controller [PNP0303:PS2K,PNP0f03:PS2M] at 0x60,0x64 irq 1,12
2025-10-15T09:31:44.641961+00:00 aleix kernel: serio: i8042 KBD port at 0x60,0x64 irq 1
2025-10-15T09:31:44.641995+00:00 aleix kernel: serio: i8042 AUX port at 0x60,0x64 irq 12
2025-10-15T09:31:44.641997+00:00 aleix kernel: mousedev: PS/2 mouse device common for all mice
2025-10-15T09:31:44.641998+00:00 aleix kernel: input: AT Translated Set 2 keyboard as /devices/platform/i8042/serio0/input/input2
2025-10-15T09:31:44.641998+00:00 aleix kernel: rtc_cmos rtc_cmos: registered as rtc0
2025-10-15T09:31:44.641998+00:00 aleix kernel: rtc_cmos rtc_cmos: setting system clock to 2025-10-15T09:31:35 UTC (1760520695)
2025-10-15T09:31:44.641999+00:00 aleix kernel: rtc_cmos rtc_cmos: alarms up to one day, 114 bytes nvram
2025-10-15T09:31:44.641999+00:00 aleix kernel: i2c_dev: i2c /dev entries driver
2025-10-15T09:31:44.641999+00:00 aleix kernel: device-mapper: core: CONFIG_IMA_DISABLE_HTABLE is disabled. Duplicate IMA measurements will not be recorded in the IMA log.
2025-10-15T09:31:44.642001+00:00 aleix kernel: device-mapper: uevent: version 1.0.3
2025-10-15T09:31:44.642001+00:00 aleix kernel: device-mapper: ioctl: 4.48.0-ioctl (2023-03-01) initialised: dm-devel@redhat.com
2025-10-15T09:31:44.642002+00:00 aleix kernel: platform eisa.0: Probing EISA bus 0
2025-10-15T09:31:44.642002+00:00 aleix kernel: platform eisa.0: EISA: Cannot allocate resource for mainboard
2025-10-15T09:31:44.642002+00:00 aleix kernel: platform eisa.0: Cannot allocate resource for EISA slot 1
2025-10-15T09:31:44.642002+00:00 aleix kernel: platform eisa.0: Cannot allocate resource for EISA slot 2
2025-10-15T09:31:44.642004+00:00 aleix kernel: platform eisa.0: Cannot allocate resource for EISA slot 3
2025-10-15T09:31:44.642005+00:00 aleix kernel: platform eisa.0: Cannot allocate resource for EISA slot 4
2025-10-15T09:31:44.642005+00:00 aleix kernel: platform eisa.0: Cannot allocate resource for EISA slot 5
2025-10-15T09:31:44.642005+00:00 aleix kernel: platform eisa.0: Cannot allocate resource for EISA slot 6
2025-10-15T09:31:44.642005+00:00 aleix kernel: platform eisa.0: Cannot allocate resource for EISA slot 7
2025-10-15T09:31:44.642006+00:00 aleix kernel: platform eisa.0: Cannot allocate resource for EISA slot 8
2025-10-15T09:31:44.642008+00:00 aleix kernel: platform eisa.0: EISA: Detected 0 cards
2025-10-15T09:31:44.642008+00:00 aleix kernel: intel_pstate: CPU model not supported
2025-10-15T09:31:44.642008+00:00 aleix kernel: ledtrig-cpu: registered to indicate activity on CPUs
2025-10-15T09:31:44.642008+00:00 aleix kernel: drop_monitor: Initializing network drop monitor service
2025-10-15T09:31:44.642009+00:00 aleix kernel: NET: Registered PF_INET6 protocol family
2025-10-15T09:31:44.642009+00:00 aleix kernel: ehci-pci 0000:00:0b.0: USB 2.0 started, EHCI 1.00
2025-10-15T09:31:44.642009+00:00 aleix kernel: usb usb2: New USB device found, idVendor=1d6b, idProduct=0002, bcdDevice= 6.08
2025-10-15T09:31:44.642011+00:00 aleix kernel: usb usb2: New USB device strings: Mfr=3, Product=2, SerialNumber=1
2025-10-15T09:31:44.642011+00:00 aleix kernel: usb usb2: Product: EHCI Host Controller
2025-10-15T09:31:44.642012+00:00 aleix kernel: usb usb2: Manufacturer: Linux 6.8.0-85-generic ehci_hcd
2025-10-15T09:31:44.642013+00:00 aleix kernel: usb usb2: SerialNumber: 0000:00:0b.0
2025-10-15T09:31:44.642013+00:00 aleix kernel: hub 2-0:1.0: USB hub found
2025-10-15T09:31:44.642014+00:00 aleix kernel: hub 2-0:1.0: 12 ports detected
2025-10-15T09:31:44.642015+00:00 aleix kernel: Freeing initrd memory: 70760K
2025-10-15T09:31:44.642016+00:00 aleix kernel: Segment Routing with IPv6
2025-10-15T09:31:44.642016+00:00 aleix kernel: In-situ OAM (IOAM) with IPv6
2025-10-15T09:31:44.642016+00:00 aleix kernel: NET: Registered PF_PACKET protocol family
2025-10-15T09:31:44.642017+00:00 aleix kernel: Key type dns_resolver registered
2025-10-15T09:31:44.642017+00:00 aleix kernel: IPI shorthand broadcast: enabled
2025-10-15T09:31:44.642019+00:00 aleix kernel: sched_clock: Marking stable (386510990, 25895277)->(413140942, -734675)
2025-10-15T09:31:44.642019+00:00 aleix kernel: registered taskstats version 1
2025-10-15T09:31:44.642019+00:00 aleix kernel: Loading compiled-in X.509 certificates
2025-10-15T09:31:44.642020+00:00 aleix kernel: Loaded X.509 cert 'Build time autogenerated kernel key: 7a39764b47fae408ccb8c29c6917bb7c008c5f94'
2025-10-15T09:31:44.642020+00:00 aleix kernel: Loaded X.509 cert 'Canonical Ltd. Live Patch Signing 2025 Kmod: d541cef61dc7e793b7eb7e899970a2eef0b5dc8c'
2025-10-15T09:31:44.642020+00:00 aleix kernel: Loaded X.509 cert 'Canonical Ltd. Live Patch Signing: 14df34d1a87cf37625abec039ef2bf521249b969'
2025-10-15T09:31:44.642020+00:00 aleix kernel: Loaded X.509 cert 'Canonical Ltd. Kernel Module Signing: 88f752e560a1e0737e31163a466ad7b70a850c19'
2025-10-15T09:31:44.642023+00:00 aleix kernel: blacklist: Loading compiled-in revocation X.509 certificates
2025-10-15T09:31:44.642023+00:00 aleix kernel: Loaded X.509 cert 'Canonical Ltd. Secure Boot Signing: 61482aa2830d0ab2ad5af10b7250da9033ddcef0'
2025-10-15T09:31:44.642024+00:00 aleix kernel: Loaded X.509 cert 'Canonical Ltd. Secure Boot Signing (2017): 242ade75ac4a15e50d50c84b0d45ff3eae707a03'
2025-10-15T09:31:44.642024+00:00 aleix kernel: Loaded X.509 cert 'Canonical Ltd. Secure Boot Signing (ESM 2018): 365188c1d374d6b07c3c8f240f8ef722433d6a8b'
2025-10-15T09:31:44.642024+00:00 aleix kernel: Loaded X.509 cert 'Canonical Ltd. Secure Boot Signing (2019): c0746fd6c5da3ae827864651ad66ae47fe24b3e8'
2025-10-15T09:31:44.642026+00:00 aleix kernel: Loaded X.509 cert 'Canonical Ltd. Secure Boot Signing (2021 v1): a8d54bbb3825cfb94fa13c9f8a594a195c107b8d'
2025-10-15T09:31:44.642026+00:00 aleix kernel: Loaded X.509 cert 'Canonical Ltd. Secure Boot Signing (2021 v2): 4cf046892d6fd3c9a5b03f98d845f90851dc6a8c'
2025-10-15T09:31:44.642027+00:00 aleix kernel: Loaded X.509 cert 'Canonical Ltd. Secure Boot Signing (2021 v3): 100437bb6de6e469b581e61cd66bce3ef4ed53af'
2025-10-15T09:31:44.642027+00:00 aleix kernel: Loaded X.509 cert 'Canonical Ltd. Secure Boot Signing (Ubuntu Core 2019): c1d57b8f6b743f23ee41f4f7ee292f06eecadfb9'
2025-10-15T09:31:44.642027+00:00 aleix kernel: Key type .fscrypt registered
2025-10-15T09:31:44.642028+00:00 aleix kernel: Key type fscrypt-provisioning registered
2025-10-15T09:31:44.642030+00:00 aleix kernel: cryptd: max_cpu_qlen set to 1000
2025-10-15T09:31:44.642030+00:00 aleix kernel: ata1.00: ATAPI: VBOX CD-ROM, 1.0, max UDMA/133
2025-10-15T09:31:44.642030+00:00 aleix kernel: scsi 0:0:0:0: CD-ROM            VBOX     CD-ROM           1.0  PQ: 0 ANSI: 5
2025-10-15T09:31:44.642030+00:00 aleix kernel: sr 0:0:0:0: [sr0] scsi3-mmc drive: 32x/32x xa/form2 tray
2025-10-15T09:31:44.642031+00:00 aleix kernel: cdrom: Uniform CD-ROM driver Revision: 3.20
2025-10-15T09:31:44.642031+00:00 aleix kernel: sr 0:0:0:0: Attached scsi CD-ROM sr0
2025-10-15T09:31:44.642033+00:00 aleix kernel: sr 0:0:0:0: Attached scsi generic sg0 type 5
2025-10-15T09:31:44.642033+00:00 aleix kernel: AVX2 version of gcm_enc/dec engaged.
2025-10-15T09:31:44.642033+00:00 aleix kernel: AES CTR mode by8 optimization enabled
2025-10-15T09:31:44.642034+00:00 aleix kernel: Key type encrypted registered
2025-10-15T09:31:44.642034+00:00 aleix kernel: AppArmor: AppArmor sha256 policy hashing enabled
2025-10-15T09:31:44.642034+00:00 aleix kernel: ima: No TPM chip found, activating TPM-bypass!
2025-10-15T09:31:44.642034+00:00 aleix kernel: Loading compiled-in module X.509 certificates
2025-10-15T09:31:44.642036+00:00 aleix kernel: Loaded X.509 cert 'Build time autogenerated kernel key: 7a39764b47fae408ccb8c29c6917bb7c008c5f94'
2025-10-15T09:31:44.642036+00:00 aleix kernel: ima: Allocated hash algorithm: sha256
2025-10-15T09:31:44.642037+00:00 aleix kernel: ima: No architecture policies found
2025-10-15T09:31:44.642037+00:00 aleix kernel: evm: Initialising EVM extended attributes:
2025-10-15T09:31:44.642037+00:00 aleix kernel: evm: security.selinux
2025-10-15T09:31:44.642037+00:00 aleix kernel: evm: security.SMACK64
2025-10-15T09:31:44.642039+00:00 aleix kernel: evm: security.SMACK64EXEC
2025-10-15T09:31:44.642040+00:00 aleix kernel: evm: security.SMACK64TRANSMUTE
2025-10-15T09:31:44.642040+00:00 aleix kernel: evm: security.SMACK64MMAP
2025-10-15T09:31:44.642040+00:00 aleix kernel: evm: security.apparmor
2025-10-15T09:31:44.642040+00:00 aleix kernel: evm: security.ima
2025-10-15T09:31:44.642041+00:00 aleix kernel: evm: security.capability
2025-10-15T09:31:44.642041+00:00 aleix kernel: evm: HMAC attrs: 0x1
2025-10-15T09:31:44.642043+00:00 aleix kernel: PM:   Magic number: 13:582:525
2025-10-15T09:31:44.642043+00:00 aleix kernel: RAS: Correctable Errors collector initialized.
2025-10-15T09:31:44.642043+00:00 aleix kernel: clk: Disabling unused clocks
2025-10-15T09:31:44.642044+00:00 aleix kernel: Freeing unused decrypted memory: 2028K
2025-10-15T09:31:44.642044+00:00 aleix kernel: Freeing unused kernel image (initmem) memory: 5008K
2025-10-15T09:31:44.642044+00:00 aleix kernel: Write protecting the kernel read-only data: 38912k
2025-10-15T09:31:44.642046+00:00 aleix kernel: Freeing unused kernel image (rodata/data gap) memory: 2000K
2025-10-15T09:31:44.642046+00:00 aleix kernel: x86/mm: Checked W+X mappings: passed, no W+X pages found.
2025-10-15T09:31:44.642047+00:00 aleix kernel: Run /init as init process
2025-10-15T09:31:44.642047+00:00 aleix kernel:   with arguments:
2025-10-15T09:31:44.642047+00:00 aleix kernel:     /init
2025-10-15T09:31:44.642048+00:00 aleix kernel:   with environment:
2025-10-15T09:31:44.642049+00:00 aleix kernel:     HOME=/
2025-10-15T09:31:44.642050+00:00 aleix kernel:     TERM=linux
2025-10-15T09:31:44.642050+00:00 aleix kernel:     BOOT_IMAGE=/vmlinuz-6.8.0-85-generic
2025-10-15T09:31:44.642050+00:00 aleix kernel: ahci 0000:00:0d.0: version 3.0
2025-10-15T09:31:44.642050+00:00 aleix kernel: e1000: Intel(R) PRO/1000 Network Driver
2025-10-15T09:31:44.642051+00:00 aleix kernel: e1000: Copyright (c) 1999-2006 Intel Corporation.
2025-10-15T09:31:44.642051+00:00 aleix kernel: ahci 0000:00:0d.0: SSS flag set, parallel bus scan disabled
2025-10-15T09:31:44.642053+00:00 aleix kernel: ahci 0000:00:0d.0: AHCI 0001.0100 32 slots 1 ports 3 Gbps 0x1 impl SATA mode
2025-10-15T09:31:44.642053+00:00 aleix kernel: ahci 0000:00:0d.0: flags: 64bit ncq stag only ccc 
2025-10-15T09:31:44.642053+00:00 aleix kernel: ACPI: video: Video Device [GFX0] (multi-head: yes  rom: no  post: no)
2025-10-15T09:31:44.642054+00:00 aleix kernel: input: Video Bus as /devices/LNXSYSTM:00/LNXSYBUS:00/PNP0A03:00/LNXVIDEO:00/input/input4
2025-10-15T09:31:44.642054+00:00 aleix kernel: scsi host2: ahci
2025-10-15T09:31:44.642054+00:00 aleix kernel: ata3: SATA max UDMA/133 abar m8192@0xf0806000 port 0xf0806100 irq 21 lpm-pol 0
2025-10-15T09:31:44.642056+00:00 aleix kernel: usb 1-1: new full-speed USB device number 2 using ohci-pci
2025-10-15T09:31:44.642056+00:00 aleix kernel: input: ImExPS/2 Generic Explorer Mouse as /devices/platform/i8042/serio1/input/input5
2025-10-15T09:31:44.642057+00:00 aleix kernel: usb 1-1: New USB device found, idVendor=80ee, idProduct=0021, bcdDevice= 1.00
2025-10-15T09:31:44.642057+00:00 aleix kernel: usb 1-1: New USB device strings: Mfr=1, Product=3, SerialNumber=0
2025-10-15T09:31:44.642057+00:00 aleix kernel: usb 1-1: Product: USB Tablet
2025-10-15T09:31:44.642057+00:00 aleix kernel: usb 1-1: Manufacturer: VirtualBox
2025-10-15T09:31:44.642058+00:00 aleix kernel: hid: raw HID events driver (C) Jiri Kosina
2025-10-15T09:31:44.643696+00:00 aleix cloud-init[719]: ci-info: ++++++++++++++++++++++++++++++++++++++Net device info++++++++++++++++++++++++++++++++++++++
2025-10-15T09:31:44.643722+00:00 aleix cloud-init[719]: ci-info: +--------+------+----------------------------+---------------+--------+-------------------+
2025-10-15T09:31:44.643726+00:00 aleix cloud-init[719]: ci-info: | Device |  Up  |          Address           |      Mask     | Scope  |     Hw-Address    |
2025-10-15T09:31:44.643728+00:00 aleix cloud-init[719]: ci-info: +--------+------+----------------------------+---------------+--------+-------------------+
2025-10-15T09:31:44.643730+00:00 aleix cloud-init[719]: ci-info: | enp0s3 | True |         10.0.2.15          | 255.255.255.0 | global | 08:00:27:98:0a:67 |
2025-10-15T09:31:44.643731+00:00 aleix cloud-init[719]: ci-info: | enp0s3 | True | fe80::a00:27ff:fe98:a67/64 |       .       |  link  | 08:00:27:98:0a:67 |
2025-10-15T09:31:44.643736+00:00 aleix cloud-init[719]: ci-info: |   lo   | True |         127.0.0.1          |   255.0.0.0   |  host  |         .         |
2025-10-15T09:31:44.643738+00:00 aleix cloud-init[719]: ci-info: |   lo   | True |          ::1/128           |       .       |  host  |         .         |
2025-10-15T09:31:44.643740+00:00 aleix cloud-init[719]: ci-info: +--------+------+----------------------------+---------------+--------+-------------------+
2025-10-15T09:31:44.643742+00:00 aleix cloud-init[719]: ci-info: ++++++++++++++++++++++++++++Route IPv4 info+++++++++++++++++++++++++++++
2025-10-15T09:31:44.643743+00:00 aleix cloud-init[719]: ci-info: +-------+-------------+----------+-----------------+-----------+-------+
2025-10-15T09:31:44.643746+00:00 aleix cloud-init[719]: ci-info: | Route | Destination | Gateway  |     Genmask     | Interface | Flags |
2025-10-15T09:31:44.643748+00:00 aleix cloud-init[719]: ci-info: +-------+-------------+----------+-----------------+-----------+-------+
2025-10-15T09:31:44.643749+00:00 aleix cloud-init[719]: ci-info: |   0   |   0.0.0.0   | 10.0.2.2 |     0.0.0.0     |   enp0s3  |   UG  |
2025-10-15T09:31:44.643751+00:00 aleix cloud-init[719]: ci-info: |   1   |   8.8.4.4   | 10.0.2.2 | 255.255.255.255 |   enp0s3  |  UGH  |
2025-10-15T09:31:44.643752+00:00 aleix cloud-init[719]: ci-info: |   2   |   8.8.8.8   | 10.0.2.2 | 255.255.255.255 |   enp0s3  |  UGH  |
2025-10-15T09:31:44.643755+00:00 aleix cloud-init[719]: ci-info: |   3   |   10.0.2.0  | 0.0.0.0  |  255.255.255.0  |   enp0s3  |   U   |
2025-10-15T09:31:44.643757+00:00 aleix cloud-init[719]: ci-info: |   4   |   10.0.2.2  | 0.0.0.0  | 255.255.255.255 |   enp0s3  |   UH  |
2025-10-15T09:31:44.643759+00:00 aleix cloud-init[719]: ci-info: +-------+-------------+----------+-----------------+-----------+-------+
2025-10-15T09:31:44.650053+00:00 aleix cloud-init[719]: ci-info: +++++++++++++++++++Route IPv6 info+++++++++++++++++++
2025-10-15T09:31:44.650073+00:00 aleix cloud-init[719]: ci-info: +-------+-------------+---------+-----------+-------+
2025-10-15T09:31:44.650076+00:00 aleix cloud-init[719]: ci-info: | Route | Destination | Gateway | Interface | Flags |
2025-10-15T09:31:44.650077+00:00 aleix cloud-init[719]: ci-info: +-------+-------------+---------+-----------+-------+
2025-10-15T09:31:44.650079+00:00 aleix cloud-init[719]: ci-info: |   0   |  fe80::/64  |    ::   |   enp0s3  |   U   |
2025-10-15T09:31:44.650080+00:00 aleix cloud-init[719]: ci-info: |   2   |    local    |    ::   |   enp0s3  |   U   |
2025-10-15T09:31:44.650082+00:00 aleix cloud-init[719]: ci-info: |   3   |  multicast  |    ::   |   enp0s3  |   U   |
2025-10-15T09:31:44.650084+00:00 aleix cloud-init[719]: ci-info: +-------+-------------+---------+-----------+-------+
2025-10-15T09:31:44.650086+00:00 aleix systemd[1]: Reloading requested from client PID 731 ('systemctl') (unit cloud-init.service)...
2025-10-15T09:31:44.650087+00:00 aleix systemd[1]: Reloading...
2025-10-15T09:31:44.650089+00:00 aleix systemd[1]: Reloading finished in 221 ms.
2025-10-15T09:31:44.650091+00:00 aleix systemd-timesyncd[556]: Network configuration changed, trying to establish connection.
2025-10-15T09:31:44.650093+00:00 aleix systemd[1]: netplan-ovs-cleanup.service - OpenVSwitch configuration for cleanup was skipped because of an unmet condition check (ConditionFileIsExecutable=/usr/bin/ovs-vsctl).
2025-10-15T09:31:44.650095+00:00 aleix systemd[1]: systemd-networkd-wait-online.service: Deactivated successfully.
2025-10-15T09:31:44.650099+00:00 aleix systemd[1]: Stopped systemd-networkd-wait-online.service - Wait for Network to be Configured.
2025-10-15T09:31:44.650101+00:00 aleix systemd[1]: Stopping systemd-networkd-wait-online.service - Wait for Network to be Configured...
2025-10-15T09:31:44.650103+00:00 aleix systemd[1]: Stopping systemd-networkd.service - Network Configuration...
2025-10-15T09:31:44.650104+00:00 aleix systemd-timesyncd[556]: Network configuration changed, trying to establish connection.
2025-10-15T09:31:44.650106+00:00 aleix systemd[1]: systemd-networkd.service: Deactivated successfully.
2025-10-15T09:31:44.650107+00:00 aleix systemd[1]: Stopped systemd-networkd.service - Network Configuration.
2025-10-15T09:31:44.650109+00:00 aleix systemd[1]: Starting systemd-networkd.service - Network Configuration...
2025-10-15T09:31:44.650110+00:00 aleix systemd-networkd[785]: lo: Link UP
2025-10-15T09:31:44.650113+00:00 aleix systemd-networkd[785]: lo: Gained carrier
2025-10-15T09:31:44.650114+00:00 aleix systemd-networkd[785]: enp0s3: Link UP
2025-10-15T09:31:44.650116+00:00 aleix systemd-networkd[785]: enp0s3: Gained carrier
2025-10-15T09:31:44.650117+00:00 aleix systemd-networkd[785]: enp0s3: Gained IPv6LL
2025-10-15T09:31:44.650119+00:00 aleix systemd-timesyncd[556]: Network configuration changed, trying to establish connection.
2025-10-15T09:31:44.650120+00:00 aleix systemd-networkd[785]: Enumeration completed
2025-10-15T09:31:44.650122+00:00 aleix systemd-timesyncd[556]: Network configuration changed, trying to establish connection.
2025-10-15T09:31:44.650124+00:00 aleix systemd[1]: Started systemd-networkd.service - Network Configuration.
2025-10-15T09:31:44.650126+00:00 aleix systemd-timesyncd[556]: Network configuration changed, trying to establish connection.
2025-10-15T09:31:44.650127+00:00 aleix systemd-networkd[785]: enp0s3: Configuring with /run/systemd/network/10-netplan-enp0s3.network.
2025-10-15T09:31:44.650129+00:00 aleix systemd[1]: Starting systemd-networkd-wait-online.service - Wait for Network to be Configured...
2025-10-15T09:31:44.650131+00:00 aleix systemd-timesyncd[556]: Network configuration changed, trying to establish connection.
2025-10-15T09:31:44.650133+00:00 aleix systemd[1]: netplan-ovs-cleanup.service - OpenVSwitch configuration for cleanup was skipped because of an unmet condition check (ConditionFileIsExecutable=/usr/bin/ovs-vsctl).
2025-10-15T09:31:44.650134+00:00 aleix systemd-networkd[785]: enp0s3: DHCPv4 address 10.0.2.15/24, gateway 10.0.2.2 acquired from 10.0.2.2
2025-10-15T09:31:44.650136+00:00 aleix systemd-timesyncd[556]: Network configuration changed, trying to establish connection.
2025-10-15T09:31:44.650137+00:00 aleix systemd[1]: Finished systemd-networkd-wait-online.service - Wait for Network to be Configured.
2025-10-15T09:31:44.650164+00:00 aleix cloud-init[719]: Generating public/private rsa key pair.
2025-10-15T09:31:44.650166+00:00 aleix cloud-init[719]: Your identification has been saved in /etc/ssh/ssh_host_rsa_key
2025-10-15T09:31:44.650168+00:00 aleix cloud-init[719]: Your public key has been saved in /etc/ssh/ssh_host_rsa_key.pub
2025-10-15T09:31:44.650169+00:00 aleix cloud-init[719]: The key fingerprint is:
2025-10-15T09:31:44.650171+00:00 aleix cloud-init[719]: SHA256:6JrtSNyv8i+dE7X57uchb/IE46JZXMhdIj2IRvN9ekw root@aleix
2025-10-15T09:31:44.650172+00:00 aleix cloud-init[719]: The key's randomart image is:
2025-10-15T09:31:44.650174+00:00 aleix cloud-init[719]: +---[RSA 3072]----+
2025-10-15T09:31:44.650175+00:00 aleix cloud-init[719]: |        o        |
2025-10-15T09:31:44.650177+00:00 aleix cloud-init[719]: |       . + +     |
2025-10-15T09:31:44.650178+00:00 aleix cloud-init[719]: |        o + = E  |
2025-10-15T09:31:44.650180+00:00 aleix cloud-init[719]: |       o ..+ O   |
2025-10-15T09:31:44.650181+00:00 aleix cloud-init[719]: |      . S.oo* o  |
2025-10-15T09:31:44.650183+00:00 aleix cloud-init[719]: |   . o  ..oo +   |
2025-10-15T09:31:44.650184+00:00 aleix cloud-init[719]: |    o o. o+.o o  |
2025-10-15T09:31:44.650186+00:00 aleix cloud-init[719]: |   ..=..++ .o+o. |
2025-10-15T09:31:44.650187+00:00 aleix cloud-init[719]: |    ++=+=. oo*+  |
2025-10-15T09:31:44.650189+00:00 aleix cloud-init[719]: +----[SHA256]-----+
2025-10-15T09:31:44.650190+00:00 aleix cloud-init[719]: Generating public/private ecdsa key pair.
2025-10-15T09:31:44.650192+00:00 aleix cloud-init[719]: Your identification has been saved in /etc/ssh/ssh_host_ecdsa_key
2025-10-15T09:31:44.650194+00:00 aleix cloud-init[719]: Your public key has been saved in /etc/ssh/ssh_host_ecdsa_key.pub
2025-10-15T09:31:44.650195+00:00 aleix cloud-init[719]: The key fingerprint is:
2025-10-15T09:31:44.650197+00:00 aleix cloud-init[719]: SHA256:cF1v8L9InZckrfn4s5hs9JFOxRlweMFuNPKn6b2NoKI root@aleix
2025-10-15T09:31:44.650198+00:00 aleix cloud-init[719]: The key's randomart image is:
2025-10-15T09:31:44.650200+00:00 aleix cloud-init[719]: +---[ECDSA 256]---+
2025-10-15T09:31:44.650201+00:00 aleix cloud-init[719]: |            o.+o.|
2025-10-15T09:31:44.650203+00:00 aleix cloud-init[719]: |         . . *o* |
2025-10-15T09:31:44.650204+00:00 aleix cloud-init[719]: |      . . .  .X++|
2025-10-15T09:31:44.650206+00:00 aleix cloud-init[719]: |       o     .***|
2025-10-15T09:31:44.650207+00:00 aleix cloud-init[719]: |        S    +.**|
2025-10-15T09:31:44.650208+00:00 aleix cloud-init[719]: |            ..*+o|
2025-10-15T09:31:44.650210+00:00 aleix cloud-init[719]: |            o+++.|
2025-10-15T09:31:44.650211+00:00 aleix cloud-init[719]: |        .  ..o==o|
2025-10-15T09:31:44.650213+00:00 aleix cloud-init[719]: |      E. .. .+.+=|
2025-10-15T09:31:44.650215+00:00 aleix cloud-init[719]: +----[SHA256]-----+
2025-10-15T09:31:44.650217+00:00 aleix cloud-init[719]: Generating public/private ed25519 key pair.
2025-10-15T09:31:44.650218+00:00 aleix cloud-init[719]: Your identification has been saved in /etc/ssh/ssh_host_ed25519_key
2025-10-15T09:31:44.650220+00:00 aleix cloud-init[719]: Your public key has been saved in /etc/ssh/ssh_host_ed25519_key.pub
2025-10-15T09:31:44.650222+00:00 aleix cloud-init[719]: The key fingerprint is:
2025-10-15T09:31:44.650223+00:00 aleix cloud-init[719]: SHA256:IuwJ8UvhHjzAlX60FsnVMttaVTu/A96/P2gNELVEG5k root@aleix
2025-10-15T09:31:44.650225+00:00 aleix cloud-init[719]: The key's randomart image is:
2025-10-15T09:31:44.650226+00:00 aleix cloud-init[719]: +--[ED25519 256]--+
2025-10-15T09:31:44.650228+00:00 aleix cloud-init[719]: |    .o o..  o*+  |
2025-10-15T09:31:44.650229+00:00 aleix cloud-init[719]: | . .. = o ..oE+. |
2025-10-15T09:31:44.650231+00:00 aleix cloud-init[719]: |  +... o = ..oo  |
2025-10-15T09:31:44.650233+00:00 aleix cloud-init[719]: |   B..+ . o.   o |
2025-10-15T09:31:44.650234+00:00 aleix cloud-init[719]: |  . Xo. So  ..  .|
2025-10-15T09:31:44.650236+00:00 aleix cloud-init[719]: |   = * ..   ..o .|
2025-10-15T09:31:44.650237+00:00 aleix cloud-init[719]: |    =        .++ |
2025-10-15T09:31:44.650239+00:00 aleix cloud-init[719]: |             o oo|
2025-10-15T09:31:44.650241+00:00 aleix cloud-init[719]: |            .  .*|
2025-10-15T09:31:44.650242+00:00 aleix cloud-init[719]: +----[SHA256]-----+
2025-10-15T09:31:44.650245+00:00 aleix systemd[1]: Finished cloud-init.service - Cloud-init: Network Stage.
2025-10-15T09:31:44.650246+00:00 aleix systemd[1]: Reached target cloud-config.target - Cloud-config availability.
2025-10-15T09:31:44.650248+00:00 aleix systemd[1]: Reached target network-online.target - Network is Online.
2025-10-15T09:31:44.650249+00:00 aleix systemd[1]: Reached target sysinit.target - System Initialization.
2025-10-15T09:31:44.650251+00:00 aleix systemd[1]: apport-autoreport.path - Process error reports when automatic reporting is enabled (file watch) was skipped because of an unmet condition check (ConditionPathExists=/var/lib/apport/autoreport).
2025-10-15T09:31:44.650253+00:00 aleix systemd[1]: tpm-udev.path - Handle dynamically added tpm devices was skipped because of an unmet condition check (ConditionVirtualization=container).
2025-10-15T09:31:44.650254+00:00 aleix systemd[1]: apport-autoreport.timer - Process error reports when automatic reporting is enabled (timer based) was skipped because of an unmet condition check (ConditionPathExists=/var/lib/apport/autoreport).
2025-10-15T09:31:44.650256+00:00 aleix systemd[1]: Started apt-daily.timer - Daily apt download activities.
2025-10-15T09:31:44.650258+00:00 aleix systemd[1]: Started apt-daily-upgrade.timer - Daily apt upgrade and clean activities.
2025-10-15T09:31:44.650259+00:00 aleix systemd[1]: Started dpkg-db-backup.timer - Daily dpkg database backup timer.
2025-10-15T09:31:44.650261+00:00 aleix systemd[1]: Started e2scrub_all.timer - Periodic ext4 Online Metadata Check for All Filesystems.
2025-10-15T09:31:44.650263+00:00 aleix systemd[1]: Started fstrim.timer - Discard unused filesystem blocks once a week.
2025-10-15T09:31:44.650264+00:00 aleix systemd[1]: Started fwupd-refresh.timer - Refresh fwupd metadata regularly.
2025-10-15T09:31:44.650266+00:00 aleix systemd[1]: Started logrotate.timer - Daily rotation of log files.
2025-10-15T09:31:44.650310+00:00 aleix systemd[1]: Started man-db.timer - Daily man-db regeneration.
2025-10-15T09:31:44.650313+00:00 aleix systemd[1]: Started motd-news.timer - Message of the Day.
2025-10-15T09:31:44.650314+00:00 aleix systemd[1]: snapd.snap-repair.timer - Timer to automatically fetch and run repair assertions was skipped because no trigger condition checks were met.
2025-10-15T09:31:44.650317+00:00 aleix systemd[1]: Started sysstat-collect.timer - Run system activity accounting tool every 10 minutes.
2025-10-15T09:31:44.650319+00:00 aleix systemd[1]: Started sysstat-summary.timer - Generate summary of yesterday's process accounting.
2025-10-15T09:31:44.650320+00:00 aleix systemd[1]: Started systemd-tmpfiles-clean.timer - Daily Cleanup of Temporary Directories.
2025-10-15T09:31:44.650322+00:00 aleix systemd[1]: ua-timer.timer - Ubuntu Pro Timer for running repeated jobs was skipped because of an unmet condition check (ConditionPathExists=/var/lib/ubuntu-advantage/private/machine-token.json).
2025-10-15T09:31:44.650324+00:00 aleix systemd[1]: Started update-notifier-download.timer - Download data for packages that failed at package install time.
2025-10-15T09:31:44.650326+00:00 aleix systemd[1]: Started update-notifier-motd.timer - Check to see whether there is a new version of Ubuntu available.
2025-10-15T09:31:44.650327+00:00 aleix systemd[1]: Reached target paths.target - Path Units.
2025-10-15T09:31:44.650329+00:00 aleix systemd[1]: Reached target timers.target - Timer Units.
2025-10-15T09:31:44.650330+00:00 aleix systemd[1]: apport-forward.socket - Unix socket for apport crash forwarding was skipped because of an unmet condition check (ConditionVirtualization=container).
2025-10-15T09:31:44.650332+00:00 aleix systemd[1]: Listening on cloud-init-hotplugd.socket - cloud-init hotplug hook socket.
2025-10-15T09:31:44.650334+00:00 aleix systemd[1]: Listening on dbus.socket - D-Bus System Message Bus Socket.
2025-10-15T09:31:44.650335+00:00 aleix systemd[1]: Listening on iscsid.socket - Open-iSCSI iscsid Socket.
2025-10-15T09:31:44.650337+00:00 aleix systemd[1]: Starting lxd-installer.socket - Helper to install lxd snap on demand...
2025-10-15T09:31:44.650338+00:00 aleix systemd[1]: Starting snapd.socket - Socket activation for snappy daemon...
2025-10-15T09:31:44.650340+00:00 aleix systemd-timesyncd[556]: Network configuration changed, trying to establish connection.
2025-10-15T09:31:44.650342+00:00 aleix systemd[1]: Listening on uuidd.socket - UUID daemon activation socket.
2025-10-15T09:31:44.650343+00:00 aleix systemd[1]: open-iscsi.service - Login to default iSCSI targets was skipped because no trigger condition checks were met.
2025-10-15T09:31:44.650345+00:00 aleix systemd[1]: Reached target remote-fs-pre.target - Preparation for Remote File Systems.
2025-10-15T09:31:44.650346+00:00 aleix systemd[1]: Reached target remote-fs.target - Remote File Systems.
2025-10-15T09:31:44.650348+00:00 aleix systemd[1]: Finished blk-availability.service - Availability of block devices.
2025-10-15T09:31:44.650349+00:00 aleix systemd[1]: systemd-pcrphase-sysinit.service - TPM2 PCR Barrier (Initialization) was skipped because of an unmet condition check (ConditionSecurity=measured-uki).
2025-10-15T09:31:44.650351+00:00 aleix systemd[1]: Listening on lxd-installer.socket - Helper to install lxd snap on demand.
2025-10-15T09:31:44.650353+00:00 aleix systemd[1]: Listening on snapd.socket - Socket activation for snappy daemon.
2025-10-15T09:31:44.650354+00:00 aleix systemd[1]: Reached target sockets.target - Socket Units.
2025-10-15T09:31:44.650356+00:00 aleix systemd[1]: Reached target basic.target - Basic System.
2025-10-15T09:31:44.650358+00:00 aleix systemd[1]: Starting apport.service - automatic crash report generation...
2025-10-15T09:31:44.650359+00:00 aleix systemd[1]: Starting cloud-config.service - Cloud-init: Config Stage...
2025-10-15T09:31:44.650361+00:00 aleix systemd[1]: Started cron.service - Regular background program processing daemon.
2025-10-15T09:31:44.650362+00:00 aleix systemd[1]: Starting dbus.service - D-Bus System Message Bus...
2025-10-15T09:31:44.650364+00:00 aleix (cron)[814]: cron.service: Referenced but unset environment variable evaluates to an empty string: EXTRA_OPTS
2025-10-15T09:31:44.650366+00:00 aleix cron[814]: (CRON) INFO (pidfile fd = 3)
2025-10-15T09:31:44.650367+00:00 aleix cron[814]: (CRON) INFO (Running @reboot jobs)
2025-10-15T09:31:44.650369+00:00 aleix systemd[1]: Started dmesg.service - Save initial kernel messages after boot.
2025-10-15T09:31:44.650375+00:00 aleix systemd[1]: Starting e2scrub_reap.service - Remove Stale Online ext4 Metadata Check Snapshots...
2025-10-15T09:31:44.650377+00:00 aleix systemd[1]: getty-static.service - getty on tty2-tty6 if dbus and logind are not available was skipped because of an unmet condition check (ConditionPathExists=!/usr/bin/dbus-daemon).
2025-10-15T09:31:44.650379+00:00 aleix dbus-daemon[815]: dbus[815]: Unknown group "power" in message bus configuration file
2025-10-15T09:31:44.650381+00:00 aleix systemd[1]: Starting grub-common.service - Record successful boot for GRUB...
2025-10-15T09:31:44.650383+00:00 aleix dbus-daemon[815]: [system] AppArmor D-Bus mediation is enabled
2025-10-15T09:31:44.650385+00:00 aleix systemd[1]: networkd-dispatcher.service - Dispatcher daemon for systemd-networkd was skipped because no trigger condition checks were met.
2025-10-15T09:31:44.650395+00:00 aleix systemd[1]: Starting polkit.service - Authorization Manager...
2025-10-15T09:31:44.650397+00:00 aleix systemd[1]: Starting pollinate.service - Pollinate to seed the pseudo random number generator...
2025-10-15T09:31:44.650399+00:00 aleix systemd[1]: Starting rsyslog.service - System Logging Service...
2025-10-15T09:31:44.650400+00:00 aleix systemd[1]: secureboot-db.service - Secure Boot updates for DB and DBX was skipped because of an unmet condition check (ConditionPathExists=/sys/firmware/efi/efivars/db-d719b2cb-3d3a-4596-a3bc-dad00e67656f).
2025-10-15T09:31:44.650402+00:00 aleix systemd[1]: snapd.core-fixup.service - Automatically repair incorrect owner/permissions on core devices was skipped because no trigger condition checks were met.
2025-10-15T09:31:44.650404+00:00 aleix systemd[1]: snapd.recovery-chooser-trigger.service - Wait for the Ubuntu Core chooser trigger was skipped because of an unmet condition check (ConditionKernelCommandLine=snapd_recovery_mode).
2025-10-15T09:31:44.650405+00:00 aleix systemd[1]: Reached target getty-pre.target - Preparation for Logins.
2025-10-15T09:31:44.650409+00:00 aleix systemd[1]: Starting snapd.seeded.service - Wait until snapd is fully seeded...
2025-10-15T09:31:44.650411+00:00 aleix systemd[1]: Starting snapd.service - Snap Daemon...
2025-10-15T09:31:44.650413+00:00 aleix systemd[1]: Starting sysstat.service - Resets System Activity Logs...
2025-10-15T09:31:44.650414+00:00 aleix systemd[1]: Starting systemd-logind.service - User Login Management...
2025-10-15T09:31:44.650416+00:00 aleix systemd[1]: systemd-pcrphase.service - TPM2 PCR Barrier (User) was skipped because of an unmet condition check (ConditionSecurity=measured-uki).
2025-10-15T09:31:44.650418+00:00 aleix systemd[1]: Starting systemd-user-sessions.service - Permit User Sessions...
2025-10-15T09:31:44.650421+00:00 aleix systemd[1]: thermald.service - Thermal Daemon Service was skipped because of an unmet condition check (ConditionVirtualization=no).
2025-10-15T09:31:44.650423+00:00 aleix systemd[1]: ua-reboot-cmds.service - Ubuntu Pro reboot cmds was skipped because of an unmet condition check (ConditionPathExists=/var/lib/ubuntu-advantage/private/machine-token.json).
2025-10-15T09:31:44.650425+00:00 aleix systemd[1]: ubuntu-advantage.service - Ubuntu Pro Background Auto Attach was skipped because no trigger condition checks were met.
2025-10-15T09:31:44.650427+00:00 aleix systemd[1]: Starting udisks2.service - Disk Manager...
2025-10-15T09:31:44.650429+00:00 aleix systemd[1]: Started dbus.service - D-Bus System Message Bus.
2025-10-15T09:31:44.650430+00:00 aleix systemd[1]: e2scrub_reap.service: Deactivated successfully.
2025-10-15T09:31:44.650434+00:00 aleix systemd[1]: Finished e2scrub_reap.service - Remove Stale Online ext4 Metadata Check Snapshots.
2025-10-15T09:31:44.650435+00:00 aleix systemd[1]: Finished sysstat.service - Resets System Activity Logs.
2025-10-15T09:31:44.650437+00:00 aleix systemd[1]: Finished systemd-user-sessions.service - Permit User Sessions.
2025-10-15T09:31:44.650439+00:00 aleix udisksd[833]: udisks daemon version 2.10.1 starting
2025-10-15T09:31:44.650440+00:00 aleix systemd[1]: Starting plymouth-quit-wait.service - Hold until boot process finishes up...
2025-10-15T09:31:44.650442+00:00 aleix dbus-daemon[815]: [system] Activating via systemd: service name='org.freedesktop.PolicyKit1' unit='polkit.service' requested by ':1.3' (uid=0 pid=833 comm="/usr/libexec/udisks2/udisksd" label="unconfined")
2025-10-15T09:31:44.650444+00:00 aleix systemd[1]: Starting plymouth-quit.service - Terminate Plymouth Boot Screen...
2025-10-15T09:31:44.650449+00:00 aleix systemd[1]: grub-common.service: Deactivated successfully.
2025-10-15T09:31:44.650454+00:00 aleix systemd[1]: Finished grub-common.service - Record successful boot for GRUB.
2025-10-15T09:31:44.650459+00:00 aleix systemd[1]: Cannot find unit for notify message of PID 863, ignoring.
2025-10-15T09:31:44.650461+00:00 aleix systemd[1]: Started systemd-logind.service - User Login Management.
2025-10-15T09:31:44.650463+00:00 aleix systemd[1]: Finished plymouth-quit-wait.service - Hold until boot process finishes up.
2025-10-15T09:31:44.650464+00:00 aleix pollinate[821]: client sent challenge to [https://entropy.ubuntu.com/]
2025-10-15T09:31:44.650467+00:00 aleix systemd[1]: Starting grub-initrd-fallback.service - GRUB failed boot detection...
2025-10-15T09:31:44.650468+00:00 aleix systemd[1]: Starting setvtrgb.service - Set console scheme...
2025-10-15T09:31:44.650470+00:00 aleix polkitd[820]: Started polkitd version 124
2025-10-15T09:31:44.650476+00:00 aleix systemd[1]: Started unattended-upgrades.service - Unattended Upgrades Shutdown.
2025-10-15T09:31:44.650480+00:00 aleix dbus-daemon[815]: [system] Successfully activated service 'org.freedesktop.PolicyKit1'
2025-10-15T09:31:44.650486+00:00 aleix systemd[1]: Finished plymouth-quit.service - Terminate Plymouth Boot Screen.
2025-10-15T09:31:44.650488+00:00 aleix systemd[1]: Finished setvtrgb.service - Set console scheme.
2025-10-15T09:31:44.650489+00:00 aleix snapd[825]: overlord.go:284: Acquiring state lock file
2025-10-15T09:31:44.650491+00:00 aleix snapd[825]: overlord.go:289: Acquired state lock file
2025-10-15T09:31:44.650492+00:00 aleix systemd[1]: Started polkit.service - Authorization Manager.
2025-10-15T09:31:44.650493+00:00 aleix systemd[1]: grub-initrd-fallback.service: Deactivated successfully.
2025-10-15T09:31:44.650497+00:00 aleix systemd[1]: Finished grub-initrd-fallback.service - GRUB failed boot detection.
2025-10-15T09:31:44.650499+00:00 aleix systemd[1]: Created slice system-getty.slice - Slice /system/getty.
2025-10-15T09:31:44.650500+00:00 aleix snapd[825]: daemon.go:250: started snapd/2.68.5+ubuntu24.04.1 (series 16; classic) ubuntu/24.04 (amd64) linux/6.8.0-85-generic.
2025-10-15T09:31:44.650502+00:00 aleix systemd[1]: Starting ModemManager.service - Modem Manager...
2025-10-15T09:31:44.650504+00:00 aleix udisksd[833]: Acquired the name org.freedesktop.UDisks2 on the system message bus
2025-10-15T09:31:44.650506+00:00 aleix systemd[1]: Started getty@tty1.service - Getty on tty1.
2025-10-15T09:31:44.650507+00:00 aleix systemd[1]: Reached target getty.target - Login Prompts.
2025-10-15T09:31:44.650511+00:00 aleix systemd[1]: Cannot find unit for notify message of PID 942, ignoring.
2025-10-15T09:31:44.650513+00:00 aleix systemd[1]: Started udisks2.service - Disk Manager.
2025-10-15T09:31:44.650515+00:00 aleix systemd[1]: Cannot find unit for notify message of PID 944, ignoring.
2025-10-15T09:31:44.620295+00:00 aleix systemd[1]: tmp-syscheck\x2dmountpoint\x2d1825122407.mount: Deactivated successfully.
2025-10-15T09:31:44.650813+00:00 aleix kernel: ata3: SATA link up 3.0 Gbps (SStatus 123 SControl 300)
2025-10-15T09:31:44.650815+00:00 aleix kernel: ata3.00: ATA-6: VBOX HARDDISK, 1.0, max UDMA/133
2025-10-15T09:31:44.650816+00:00 aleix kernel: ata3.00: 52428800 sectors, multi 128: LBA48 NCQ (depth 32)
2025-10-15T09:31:44.650816+00:00 aleix kernel: ata3.00: configured for UDMA/133
2025-10-15T09:31:44.650816+00:00 aleix kernel: scsi 2:0:0:0: Direct-Access     ATA      VBOX HARDDISK    1.0  PQ: 0 ANSI: 5
2025-10-15T09:31:44.650817+00:00 aleix kernel: sd 2:0:0:0: [sda] 52428800 512-byte logical blocks: (26.8 GB/25.0 GiB)
2025-10-15T09:31:44.650817+00:00 aleix kernel: sd 2:0:0:0: [sda] Write Protect is off
2025-10-15T09:31:44.650817+00:00 aleix kernel: sd 2:0:0:0: [sda] Mode Sense: 00 3a 00 00
2025-10-15T09:31:44.650818+00:00 aleix kernel: sd 2:0:0:0: [sda] Write cache: enabled, read cache: enabled, doesn't support DPO or FUA
2025-10-15T09:31:44.650818+00:00 aleix kernel: sd 2:0:0:0: [sda] Preferred minimum I/O size 512 bytes
2025-10-15T09:31:44.650818+00:00 aleix kernel: sd 2:0:0:0: Attached scsi generic sg1 type 0
2025-10-15T09:31:44.650819+00:00 aleix kernel:  sda: sda1 sda2 sda3
2025-10-15T09:31:44.650819+00:00 aleix kernel: sd 2:0:0:0: [sda] Attached SCSI disk
2025-10-15T09:31:44.650819+00:00 aleix kernel: usbcore: registered new interface driver usbhid
2025-10-15T09:31:44.650819+00:00 aleix kernel: usbhid: USB HID core driver
2025-10-15T09:31:44.650820+00:00 aleix kernel: input: VirtualBox USB Tablet as /devices/pci0000:00/0000:00:06.0/usb1/1-1/1-1:1.0/0003:80EE:0021.0001/input/input6
2025-10-15T09:31:44.650820+00:00 aleix kernel: hid-generic 0003:80EE:0021.0001: input,hidraw0: USB HID v1.10 Mouse [VirtualBox USB Tablet] on usb-0000:00:06.0-1/input0
2025-10-15T09:31:44.650821+00:00 aleix kernel: e1000 0000:00:03.0 eth0: (PCI:33MHz:32-bit) 08:00:27:98:0a:67
2025-10-15T09:31:44.650821+00:00 aleix kernel: e1000 0000:00:03.0 eth0: Intel(R) PRO/1000 Network Connection
2025-10-15T09:31:44.650821+00:00 aleix kernel: e1000 0000:00:03.0 enp0s3: renamed from eth0
2025-10-15T09:31:44.650822+00:00 aleix kernel: raid6: avx2x4   gen() 37255 MB/s
2025-10-15T09:31:44.650822+00:00 aleix kernel: raid6: avx2x2   gen() 39549 MB/s
2025-10-15T09:31:44.650822+00:00 aleix kernel: raid6: avx2x1   gen() 32170 MB/s
2025-10-15T09:31:44.650822+00:00 aleix kernel: raid6: using algorithm avx2x2 gen() 39549 MB/s
2025-10-15T09:31:44.650823+00:00 aleix kernel: raid6: .... xor() 24462 MB/s, rmw enabled
2025-10-15T09:31:44.650823+00:00 aleix kernel: raid6: using avx2x2 recovery algorithm
2025-10-15T09:31:44.650823+00:00 aleix kernel: xor: automatically using best checksumming function   avx       
2025-10-15T09:31:44.650824+00:00 aleix kernel: async_tx: api initialized (async)
2025-10-15T09:31:44.650824+00:00 aleix kernel: Btrfs loaded, zoned=yes, fsverity=yes
2025-10-15T09:31:44.650824+00:00 aleix kernel: EXT4-fs (dm-0): mounted filesystem 17033916-6d03-4dc1-ba17-4340a03740ab ro with ordered data mode. Quota mode: none.
2025-10-15T09:31:44.650824+00:00 aleix kernel: systemd[1]: Inserted module 'autofs4'
2025-10-15T09:31:44.650825+00:00 aleix kernel: systemd[1]: systemd 255.4-1ubuntu8.10 running in system mode (+PAM +AUDIT +SELINUX +APPARMOR +IMA +SMACK +SECCOMP +GCRYPT -GNUTLS +OPENSSL +ACL +BLKID +CURL +ELFUTILS +FIDO2 +IDN2 -IDN +IPTC +KMOD +LIBCRYPTSETUP +LIBFDISK +PCRE2 -PWQUALITY +P11KIT +QRENCODE +TPM2 +BZIP2 +LZ4 +XZ +ZLIB +ZSTD -BPF_FRAMEWORK -XKBCOMMON +UTMP +SYSVINIT default-hierarchy=unified)
2025-10-15T09:31:44.650825+00:00 aleix kernel: systemd[1]: Detected virtualization oracle.
2025-10-15T09:31:44.650825+00:00 aleix kernel: systemd[1]: Detected architecture x86-64.
2025-10-15T09:31:44.650826+00:00 aleix kernel: systemd[1]: Hostname set to <aleix>.
2025-10-15T09:31:44.650826+00:00 aleix kernel: systemd[1]: Queued start job for default target graphical.target.
2025-10-15T09:31:44.650826+00:00 aleix kernel: systemd[1]: Created slice system-modprobe.slice - Slice /system/modprobe.
2025-10-15T09:31:44.650827+00:00 aleix kernel: systemd[1]: Created slice system-systemd\x2dfsck.slice - Slice /system/systemd-fsck.
2025-10-15T09:31:44.650827+00:00 aleix kernel: systemd[1]: Created slice user.slice - User and Session Slice.
2025-10-15T09:31:44.650827+00:00 aleix kernel: systemd[1]: Started systemd-ask-password-wall.path - Forward Password Requests to Wall Directory Watch.
2025-10-15T09:31:44.650827+00:00 aleix kernel: systemd[1]: Set up automount proc-sys-fs-binfmt_misc.automount - Arbitrary Executable File Formats File System Automount Point.
2025-10-15T09:31:44.650828+00:00 aleix kernel: systemd[1]: Expecting device dev-disk-by\x2duuid-362f7b71\x2d1bfd\x2d4702\x2da065\x2d4cfed02bb8c2.device - /dev/disk/by-uuid/362f7b71-1bfd-4702-a065-4cfed02bb8c2...
2025-10-15T09:31:44.650828+00:00 aleix kernel: systemd[1]: Reached target integritysetup.target - Local Integrity Protected Volumes.
2025-10-15T09:31:44.650828+00:00 aleix kernel: systemd[1]: Reached target slices.target - Slice Units.
2025-10-15T09:31:44.650829+00:00 aleix kernel: systemd[1]: Reached target snapd.mounts-pre.target - Mounting snaps.
2025-10-15T09:31:44.650829+00:00 aleix kernel: systemd[1]: Reached target snapd.mounts.target - Mounted snaps.
2025-10-15T09:31:44.650829+00:00 aleix kernel: systemd[1]: Reached target veritysetup.target - Local Verity Protected Volumes.
2025-10-15T09:31:44.650830+00:00 aleix kernel: systemd[1]: Listening on dm-event.socket - Device-mapper event daemon FIFOs.
2025-10-15T09:31:44.650830+00:00 aleix kernel: systemd[1]: Listening on lvm2-lvmpolld.socket - LVM2 poll daemon socket.
2025-10-15T09:31:44.650830+00:00 aleix kernel: systemd[1]: Listening on multipathd.socket - multipathd control socket.
2025-10-15T09:31:44.650831+00:00 aleix kernel: systemd[1]: Listening on syslog.socket - Syslog Socket.
2025-10-15T09:31:44.650831+00:00 aleix kernel: systemd[1]: Listening on systemd-fsckd.socket - fsck to fsckd communication Socket.
2025-10-15T09:31:44.650831+00:00 aleix kernel: systemd[1]: Listening on systemd-initctl.socket - initctl Compatibility Named Pipe.
2025-10-15T09:31:44.650831+00:00 aleix kernel: systemd[1]: Listening on systemd-journald-dev-log.socket - Journal Socket (/dev/log).
2025-10-15T09:31:44.650832+00:00 aleix kernel: systemd[1]: Listening on systemd-journald.socket - Journal Socket.
2025-10-15T09:31:44.650832+00:00 aleix kernel: systemd[1]: Listening on systemd-networkd.socket - Network Service Netlink Socket.
2025-10-15T09:31:44.650832+00:00 aleix kernel: systemd[1]: systemd-pcrextend.socket - TPM2 PCR Extension (Varlink) was skipped because of an unmet condition check (ConditionSecurity=measured-uki).
2025-10-15T09:31:44.650833+00:00 aleix kernel: systemd[1]: Listening on systemd-udevd-control.socket - udev Control Socket.
2025-10-15T09:31:44.650833+00:00 aleix kernel: systemd[1]: Listening on systemd-udevd-kernel.socket - udev Kernel Socket.
2025-10-15T09:31:44.650833+00:00 aleix kernel: systemd[1]: Mounting dev-hugepages.mount - Huge Pages File System...
2025-10-15T09:31:44.650833+00:00 aleix kernel: systemd[1]: Mounting dev-mqueue.mount - POSIX Message Queue File System...
2025-10-15T09:31:44.650834+00:00 aleix kernel: systemd[1]: Mounting sys-kernel-debug.mount - Kernel Debug File System...
2025-10-15T09:31:44.650834+00:00 aleix kernel: systemd[1]: Mounting sys-kernel-tracing.mount - Kernel Trace File System...
2025-10-15T09:31:44.650834+00:00 aleix kernel: systemd[1]: Starting systemd-journald.service - Journal Service...
2025-10-15T09:31:44.650835+00:00 aleix kernel: systemd[1]: Starting keyboard-setup.service - Set the console keyboard layout...
2025-10-15T09:31:44.650835+00:00 aleix kernel: systemd[1]: Starting kmod-static-nodes.service - Create List of Static Device Nodes...
2025-10-15T09:31:44.650835+00:00 aleix kernel: systemd[1]: Starting lvm2-monitor.service - Monitoring of LVM2 mirrors, snapshots etc. using dmeventd or progress polling...
2025-10-15T09:31:44.650835+00:00 aleix kernel: systemd[1]: Starting modprobe@configfs.service - Load Kernel Module configfs...
2025-10-15T09:31:44.650836+00:00 aleix kernel: systemd-journald[299]: Collecting audit messages is disabled.
2025-10-15T09:31:44.650836+00:00 aleix kernel: systemd[1]: Starting modprobe@dm_mod.service - Load Kernel Module dm_mod...
2025-10-15T09:31:44.650836+00:00 aleix kernel: systemd[1]: Starting modprobe@drm.service - Load Kernel Module drm...
2025-10-15T09:31:44.650836+00:00 aleix kernel: systemd[1]: Starting modprobe@efi_pstore.service - Load Kernel Module efi_pstore...
2025-10-15T09:31:44.650837+00:00 aleix kernel: systemd[1]: Starting modprobe@fuse.service - Load Kernel Module fuse...
2025-10-15T09:31:44.650837+00:00 aleix kernel: systemd[1]: Starting modprobe@loop.service - Load Kernel Module loop...
2025-10-15T09:31:44.650837+00:00 aleix kernel: systemd[1]: netplan-ovs-cleanup.service - OpenVSwitch configuration for cleanup was skipped because of an unmet condition check (ConditionFileIsExecutable=/usr/bin/ovs-vsctl).
2025-10-15T09:31:44.650838+00:00 aleix kernel: systemd[1]: systemd-fsck-root.service - File System Check on Root Device was skipped because of an unmet condition check (ConditionPathExists=!/run/initramfs/fsck-root).
2025-10-15T09:31:44.650838+00:00 aleix kernel: systemd[1]: Starting systemd-modules-load.service - Load Kernel Modules...
2025-10-15T09:31:44.650838+00:00 aleix kernel: systemd[1]: systemd-pcrmachine.service - TPM2 PCR Machine ID Measurement was skipped because of an unmet condition check (ConditionSecurity=measured-uki).
2025-10-15T09:31:44.650839+00:00 aleix kernel: systemd[1]: Starting systemd-remount-fs.service - Remount Root and Kernel File Systems...
2025-10-15T09:31:44.650839+00:00 aleix kernel: systemd[1]: systemd-tpm2-setup-early.service - TPM2 SRK Setup (Early) was skipped because of an unmet condition check (ConditionSecurity=measured-uki).
2025-10-15T09:31:44.650839+00:00 aleix kernel: systemd[1]: Starting systemd-udev-trigger.service - Coldplug All udev Devices...
2025-10-15T09:31:44.650840+00:00 aleix kernel: systemd[1]: Started systemd-journald.service - Journal Service.
2025-10-15T09:31:44.650840+00:00 aleix kernel: EXT4-fs (dm-0): re-mounted 17033916-6d03-4dc1-ba17-4340a03740ab r/w. Quota mode: none.
2025-10-15T09:31:44.650840+00:00 aleix kernel: Adding 2097148k swap on /swap.img.  Priority:-2 extents:9 across:11100160k 
